BL51 BANKED LINKER/LOCATER V6.22                                                        12/10/2019  11:35:57  PAGE 1


BL51 BANKED LINKER/LOCATER V6.22, INVOKED BY:
C:\KEIL_V5\C51\BIN\BL51.EXE .\output\Main.obj, .\output\Initial.obj, .\output\Interrupt.obj, .\output\AfeProcess.obj, .\
>> output\ShutDown.obj, .\output\Key.obj, .\output\Led.obj, .\output\Uart.obj, .\output\Common.obj, .\output\Memory.obj,
>>  .\output\STARTUP.obj, .\output\AfeMtp.obj, .\output\Balance.obj, .\output\Calibrate.obj, .\output\Calculate.obj, .\o
>> utput\GasGauge.obj, .\output\McuFlash.obj, .\output\ExtE2PRom.obj, .\output\RTC.obj, .\output\TwiIO.obj, .\output\Twi
>> Module.obj, .\output\ISP.obj TO .\output\MCUCore PRINT (.\output\MCUCore.m51) RAMSIZE (256) DISABLEWARNING (15, 16) C
>> ODE (?CO?MEMORY (0X01FE), ?PR?*?ISP (0XF400)) XDATA (0X0200-0X0AFF)


MEMORY MODEL: LARGE


INPUT MODULES INCLUDED:
  .\output\Main.obj (MAIN)
  .\output\Initial.obj (INITIAL)
  .\output\Interrupt.obj (INTERRUPT)
  .\output\AfeProcess.obj (AFEPROCESS)
  .\output\ShutDown.obj (SHUTDOWN)
  .\output\Key.obj (KEY)
  .\output\Led.obj (LED)
  .\output\Uart.obj (UART)
  .\output\Common.obj (COMMON)
  .\output\Memory.obj (MEMORY)
  .\output\STARTUP.obj (?C_STARTUP)
  .\output\AfeMtp.obj (AFEMTP)
  .\output\Balance.obj (BALANCE)
  .\output\Calibrate.obj (CALIBRATE)
  .\output\Calculate.obj (CALCULATE)
  .\output\GasGauge.obj (GASGAUGE)
  .\output\McuFlash.obj (MCUFLASH)
  .\output\ExtE2PRom.obj (EXTE2PROM)
  .\output\RTC.obj (RTC)
  .\output\TwiIO.obj (TWIIO)
  .\output\TwiModule.obj (TWIMODULE)
  .\output\ISP.obj (ISP)
  C:\KEIL_V5\C51\LIB\C51L.LIB (?C?CLDPTR)
  C:\KEIL_V5\C51\LIB\C51L.LIB (?C?IMUL)
  C:\KEIL_V5\C51\LIB\C51L.LIB (?C?UIDIV)
  C:\KEIL_V5\C51\LIB\C51L.LIB (?C?SIDIV)
  C:\KEIL_V5\C51\LIB\C51L.LIB (?C?IILDX)
  C:\KEIL_V5\C51\LIB\C51L.LIB (?C?LMUL)
  C:\KEIL_V5\C51\LIB\C51L.LIB (?C?ULDIV)
  C:\KEIL_V5\C51\LIB\C51L.LIB (?C?SLDIV)
  C:\KEIL_V5\C51\LIB\C51L.LIB (?C?LNEG)
  C:\KEIL_V5\C51\LIB\C51L.LIB (?C?SLCMP)
  C:\KEIL_V5\C51\LIB\C51L.LIB (?C?ULCMP)
  C:\KEIL_V5\C51\LIB\C51L.LIB (?C?ULSHR)
  C:\KEIL_V5\C51\LIB\C51L.LIB (?C?SLSHR)
  C:\KEIL_V5\C51\LIB\C51L.LIB (?C?LSHL)
  C:\KEIL_V5\C51\LIB\C51L.LIB (?C?LSTXDATA)
  C:\KEIL_V5\C51\LIB\C51L.LIB (?C?LSTKXDATA)
  C:\KEIL_V5\C51\LIB\C51L.LIB (?C?CCASE)
  C:\KEIL_V5\C51\LIB\C51L.LIB (?C?LIMUL)


LINK MAP OF MODULE:  .\output\MCUCore (MAIN)


BL51 BANKED LINKER/LOCATER V6.22                                                      12/10/2019  11:35:57  PAGE 2


            TYPE    BASE      LENGTH    RELOCATION   SEGMENT NAME
            -----------------------------------------------------

            * * * * * * *   D A T A   M E M O R Y   * * * * * * *
            REG     0000H     0008H     ABSOLUTE     "REG BANK 0"
            DATA    0008H     000FH     UNIT         ?DT?MEMORY
            IDATA   0017H     0004H     UNIT         ?ID?MEMORY
            IDATA   001BH     0002H     UNIT         _IDATA_GROUP_
                    001DH     0003H                  *** GAP ***
            DATA    0020H     0006H     BIT_ADDR     ?BA?MEMORY
            BIT     0026H.0   0005H.6   UNIT         ?BI?MEMORY
            BIT     002BH.6   0000H.6   UNIT         _BIT_GROUP_
                    002CH.4   0000H.4                *** GAP ***
            DATA    002DH     000BH     UNIT         _DATA_GROUP_
                    0038H     0068H                  *** GAP ***
            IDATA   00A0H     0060H     ABSOLUTE     

            * * * * * * *  X D A T A   M E M O R Y  * * * * * * *
            XDATA   0000H     0002H     ABSOLUTE     
            XDATA   0002H     0014H     ABSOLUTE     
            XDATA   0016H     0004H     ABSOLUTE     
            XDATA   001AH     0004H     ABSOLUTE     
            XDATA   001EH     0004H     ABSOLUTE     
            XDATA   0022H     0002H     ABSOLUTE     
            XDATA   0024H     0002H     ABSOLUTE     
            XDATA   0026H     0002H     ABSOLUTE     
            XDATA   0028H     0002H     ABSOLUTE     
            XDATA   002AH     0001H     ABSOLUTE     
            XDATA   002BH     0001H     ABSOLUTE     
            XDATA   002CH     0002H     ABSOLUTE     
            XDATA   002EH     0001H     ABSOLUTE     
            XDATA   002FH     0001H     ABSOLUTE     
            XDATA   0030H     0002H     ABSOLUTE     
            XDATA   0032H     0002H     ABSOLUTE     
            XDATA   0034H     0001H     ABSOLUTE     
            XDATA   0035H     000CH     ABSOLUTE     
            XDATA   0041H     0004H     ABSOLUTE     
            XDATA   0045H     0002H     ABSOLUTE     
            XDATA   0047H     000CH     ABSOLUTE     
            XDATA   0053H     000CH     ABSOLUTE     
            XDATA   005FH     0002H     ABSOLUTE     
            XDATA   0061H     0001H     ABSOLUTE     
            XDATA   0062H     0002H     ABSOLUTE     
            XDATA   0064H     0002H     ABSOLUTE     
            XDATA   0066H     0001H     ABSOLUTE     
            XDATA   0067H     0001H     ABSOLUTE     
            XDATA   0068H     0002H     ABSOLUTE     
            XDATA   006AH     0002H     ABSOLUTE     
            XDATA   006CH     0001H     ABSOLUTE     
            XDATA   006DH     0004H     ABSOLUTE     
            XDATA   0071H     0001H     ABSOLUTE     
            XDATA   0072H     0001H     ABSOLUTE     
            XDATA   0073H     0001H     ABSOLUTE     
            XDATA   0074H     0002H     ABSOLUTE     
            XDATA   0076H     0002H     ABSOLUTE     
            XDATA   0078H     0001H     ABSOLUTE     
            XDATA   0079H     0001H     ABSOLUTE     
BL51 BANKED LINKER/LOCATER V6.22                                                      12/10/2019  11:35:57  PAGE 3


            XDATA   007AH     0002H     ABSOLUTE     
            XDATA   007CH     0001H     ABSOLUTE     
            XDATA   007DH     0004H     ABSOLUTE     
            XDATA   0081H     0001H     ABSOLUTE     
            XDATA   0082H     0004H     ABSOLUTE     
            XDATA   0086H     0001H     ABSOLUTE     
            XDATA   0087H     0001H     ABSOLUTE     
            XDATA   0088H     0001H     ABSOLUTE     
            XDATA   0089H     0002H     ABSOLUTE     
            XDATA   008BH     0001H     ABSOLUTE     
            XDATA   008CH     0001H     ABSOLUTE     
            XDATA   008DH     0001H     ABSOLUTE     
            XDATA   008EH     0002H     ABSOLUTE     
            XDATA   0090H     0002H     ABSOLUTE     
            XDATA   0092H     0002H     ABSOLUTE     
            XDATA   0094H     0002H     ABSOLUTE     
            XDATA   0096H     0001H     ABSOLUTE     
            XDATA   0097H     0001H     ABSOLUTE     
            XDATA   0098H     0001H     ABSOLUTE     
            XDATA   0099H     0002H     ABSOLUTE     
            XDATA   009BH     0002H     ABSOLUTE     
            XDATA   009DH     0002H     ABSOLUTE     
            XDATA   009FH     0002H     ABSOLUTE     
            XDATA   00A1H     0001H     ABSOLUTE     
            XDATA   00A2H     0002H     ABSOLUTE     
            XDATA   00A4H     0002H     ABSOLUTE     
            XDATA   00A6H     0002H     ABSOLUTE     
            XDATA   00A8H     0001H     ABSOLUTE     
            XDATA   00A9H     0001H     ABSOLUTE     
            XDATA   00AAH     0001H     ABSOLUTE     
            XDATA   00ABH     0002H     ABSOLUTE     
            XDATA   00ADH     0001H     ABSOLUTE     
            XDATA   00AEH     0002H     ABSOLUTE     
            XDATA   00B0H     0002H     ABSOLUTE     
            XDATA   00B2H     0002H     ABSOLUTE     
            XDATA   00B4H     0002H     ABSOLUTE     
            XDATA   00B6H     0002H     ABSOLUTE     
            XDATA   00B8H     0001H     ABSOLUTE     
            XDATA   00B9H     0001H     ABSOLUTE     
            XDATA   00BAH     0144H     ABSOLUTE     
            XDATA   01FEH     0002H     ABSOLUTE     
            XDATA   0200H     006BH     UNIT         _XDATA_GROUP_
                    026BH     0065H                  *** GAP ***
            XDATA   02D0H     0001H     ABSOLUTE     
            XDATA   02D1H     0001H     ABSOLUTE     
            XDATA   02D2H     0001H     ABSOLUTE     
            XDATA   02D3H     0001H     ABSOLUTE     
            XDATA   02D4H     0001H     ABSOLUTE     
            XDATA   02D5H     0001H     ABSOLUTE     
            XDATA   02D6H     0001H     ABSOLUTE     
            XDATA   02D7H     0001H     ABSOLUTE     
            XDATA   02D8H     0001H     ABSOLUTE     
            XDATA   02D9H     0001H     ABSOLUTE     
            XDATA   02DAH     0001H     ABSOLUTE     
            XDATA   02DBH     0001H     ABSOLUTE     
            XDATA   02DCH     0001H     ABSOLUTE     
            XDATA   02DDH     0001H     ABSOLUTE     
BL51 BANKED LINKER/LOCATER V6.22                                                      12/10/2019  11:35:57  PAGE 4


            XDATA   02DEH     0001H     ABSOLUTE     
            XDATA   02DFH     0001H     ABSOLUTE     
            XDATA   02E0H     0113H     UNIT         ?XD?MEMORY
                    03F3H     000DH                  *** GAP ***
            XDATA   0400H     0096H     ABSOLUTE     
            XDATA   0496H     0001H     ABSOLUTE     
            XDATA   0497H     0001H     ABSOLUTE     
            XDATA   0498H     0001H     ABSOLUTE     

            * * * * * * *   C O D E   M E M O R Y   * * * * * * *
            CODE    0000H     0003H     ABSOLUTE     
            CODE    0003H     0003H     ABSOLUTE     
            CODE    0006H     001DH     UNIT         ?PR?LEDPOWEROFF?LED
            CODE    0023H     0003H     ABSOLUTE     
                    0026H     0005H                  *** GAP ***
            CODE    002BH     0003H     ABSOLUTE     
            CODE    002EH     0023H     UNIT         ?PR?CELLOPENPROCESS?BALANCE
                    0051H     0002H                  *** GAP ***
            CODE    0053H     0003H     ABSOLUTE     
            CODE    0056H     019AH     UNIT         ?PR?INITGASGAUGE?GASGAUGE
            CODE    01F0H     000DH     UNIT         ?PR?INITSEALCALIBRATE?INITIAL
                    01FDH     0001H                  *** GAP ***
            CODE    01FEH     0005H     UNIT         ?CO?MEMORY
            CODE    0203H     0493H     UNIT         ?PR?GAUGEMANAGE?GASGAUGE
            CODE    0696H     02E8H     UNIT         ?C?LIB_CODE
            CODE    097EH     02DEH     UNIT         ?PR?TEMPEPROTECT?AFEPROCESS
            CODE    0C5CH     0256H     UNIT         ?PR?_CALCUTEMP?CALCULATE
            CODE    0EB2H     020EH     UNIT         ?PR?UARTRDCMDPROCESS?UART
            CODE    10C0H     0205H     UNIT         ?PR?_E2PROMBKDATA?EXTE2PROM
            CODE    12C5H     01ECH     UNIT         ?PR?CURRPROCESS?AFEPROCESS
            CODE    14B1H     01C4H     UNIT         ?PR?_TWIREAD?TWIMODULE
            CODE    1675H     01BBH     UNIT         ?PR?INITSYSPARA?INITIAL
            CODE    1830H     0170H     UNIT         ?PR?CALCUVOLTAGE?CALCULATE
            CODE    19A0H     0167H     UNIT         ?PR?VOLPROTECT?AFEPROCESS
            CODE    1B07H     0150H     UNIT         ?PR?_TWIWRITE?TWIMODULE
            CODE    1C57H     014CH     UNIT         ?PR?BALMANAGE?BALANCE
            CODE    1DA3H     0149H     UNIT         ?PR?INTERRUPTUART?UART
            CODE    1EECH     0142H     UNIT         ?CO?CALCULATE
            CODE    202EH     0138H     UNIT         ?PR?LEDPOWERON?LED
            CODE    2166H     012BH     UNIT         ?PR?INITRTC?RTC
            CODE    2291H     0104H     UNIT         ?PR?VOLPROCESS?AFEPROCESS
            CODE    2395H     0100H     UNIT         ?CO?TWIMODULE
            CODE    2495H     00FEH     UNIT         ?PR?INITVAR?INITIAL
            CODE    2593H     00E0H     UNIT         ?PR?CALCUTEMPERATURE?CALCULATE
            CODE    2673H     00E0H     UNIT         ?PR?FLASHPROCESS?MCUFLASH
            CODE    2753H     00D3H     UNIT         ?PR?E2PROMBKCHECK?EXTE2PROM
            CODE    2826H     00C6H     UNIT         ?PR?CALIPROCESS?CALIBRATE
            CODE    28ECH     00BCH     UNIT         ?PR?CURRPROTECT?AFEPROCESS
            CODE    29A8H     00B2H     UNIT         ?PR?CHECKLOAD?AFEPROCESS
            CODE    2A5AH     00AEH     UNIT         ?PR?CALIBCURRENT?UART
            CODE    2B08H     00ABH     UNIT         ?PR?MAIN?MAIN
            CODE    2BB3H     00A9H     UNIT         ?PR?PROCESSKEYSPEED?KEY
            CODE    2C5CH     00A7H     UNIT         ?PR?UARTWRCMDPROCESS?UART
            CODE    2D03H     00A7H     UNIT         ?PR?BALPROCESS?BALANCE
            CODE    2DAAH     00A5H     UNIT         ?PR?RTCREADTIME?RTC
            CODE    2E4FH     00A1H     UNIT         ?PR?INTERRUPTTIMER3?INTERRUPT
            CODE    2EF0H     009DH     UNIT         ?PR?CALIVOLTAGESUB?CALIBRATE
BL51 BANKED LINKER/LOCATER V6.22                                                      12/10/2019  11:35:57  PAGE 5


            CODE    2F8DH     0096H     UNIT         ?PR?CALICURRENTSUB?CALIBRATE
            CODE    3023H     0094H     UNIT         ?PR?PORONPROTECT?AFEPROCESS
            CODE    30B7H     0093H     UNIT         ?PR?_WRITEMCUFLASH?MCUFLASH
            CODE    314AH     008FH     UNIT         ?PR?RECOVERYOC?AFEPROCESS
            CODE    31D9H     008BH     UNIT         ?PR?CHECKCHARGER?AFEPROCESS
            CODE    3264H     008AH     UNIT         ?PR?LOWPOWERCHECK?SHUTDOWN
            CODE    32EEH     0086H     UNIT         ?PR?_READMCUFLASH?MCUFLASH
            CODE    3374H     0082H     UNIT         ?PR?INITPWM?INITIAL
            CODE    33F6H     0080H     UNIT         ?PR?INITE2PROM?EXTE2PROM
            CODE    3476H     007EH     UNIT         ?PR?_WRITEE2SECTOR?MCUFLASH
            CODE    34F4H     007BH     UNIT         ?PR?SCANKEY?KEY
            CODE    356FH     0078H     UNIT         ?PR?CALICUROFFSETSUB?CALIBRATE
            CODE    35E7H     0074H     UNIT         ?PR?_UARTWRITEINFO?UART
            CODE    365BH     0070H     UNIT         ?PR?E2PROMERASE?EXTE2PROM
            CODE    36CBH     0069H     UNIT         ?PR?UARTRDE2PROM?EXTE2PROM
            CODE    3734H     0068H     UNIT         ?PR?GETAFEDATA?CALCULATE
            CODE    379CH     0063H     UNIT         ?PR?CHKMOSSTATUS?AFEPROCESS
            CODE    37FFH     0063H     UNIT         ?PR?_UARTREADINFO?UART
            CODE    3862H     0063H     UNIT         ?PR?_E2DATACHECKUP?MCUFLASH
            CODE    38C5H     005FH     UNIT         ?PR?RTCMODIFYTIME?RTC
            CODE    3924H     005EH     UNIT         ?PR?SYSTEMINTOIDLE?SHUTDOWN
            CODE    3982H     005EH     UNIT         ?PR?RAMCHECKPROCESS?COMMON
            CODE    39E0H     005BH     UNIT         ?PR?AFERAMCHECK?AFEPROCESS
            CODE    3A3BH     0057H     UNIT         ?PR?CALITS1SUB?CALIBRATE
            CODE    3A92H     0057H     UNIT         ?PR?CALITS2SUB?CALIBRATE
            CODE    3AE9H     0055H     UNIT         ?PR?WAKEUPPROCESS?SHUTDOWN
            CODE    3B3EH     0055H     UNIT         ?PR?E2PROMBKRTC?EXTE2PROM
            CODE    3B93H     0054H     UNIT         ?PR?E2PROMBKPROCESS?EXTE2PROM
            CODE    3BE7H     0052H     UNIT         ?CO?UART
            CODE    3C39H     0051H     UNIT         ?PR?INTERRUPTINT4?INTERRUPT
            CODE    3C8AH     004FH     UNIT         ?PR?_E2PROMREAD?EXTE2PROM
            CODE    3CD9H     004FH     UNIT         ?PR?UARTRDRTC?EXTE2PROM
            CODE    3D28H     004EH     UNIT         ?PR?_RTCWRITE?RTC
            CODE    3D76H     004EH     UNIT         ?PR?_RTCREAD?RTC
            CODE    3DC4H     004BH     UNIT         ?PR?WAITADCCONVERT?AFEPROCESS
            CODE    3E0FH     004BH     UNIT         ?PR?_TWIWRITEAFE?AFEMTP
            CODE    3E5AH     004BH     UNIT         ?PR?_TWIREADAFE?AFEMTP
            CODE    3EA5H     004AH     UNIT         ?PR?INTERRUPTINT0?INTERRUPT
            CODE    3EEFH     0049H     UNIT         ?PR?CALIBVOLTAGE?UART
            CODE    3F38H     0049H     UNIT         ?PR?CALIBTS1?UART
            CODE    3F81H     0049H     UNIT         ?PR?CALIBTS2?UART
            CODE    3FCAH     0049H     UNIT         ?PR?CALIBRTC?UART
            CODE    4013H     0048H     UNIT         ?PR?ALLINITIAL?INITIAL
            CODE    405BH     0048H     UNIT         ?PR?ALARMPROCESS?AFEPROCESS
            CODE    40A3H     0048H     UNIT         ?PR?_E2PROMWRITE?EXTE2PROM
            CODE    40EBH     0045H     UNIT         ?PR?PARTIALINITIAL?INITIAL
            CODE    4130H     0045H     UNIT         ?PR?KEYPROCESS?KEY
            CODE    4175H     0045H     UNIT         ?PR?WRITEMANUFACTURE?UART
            CODE    41BAH     0044H     UNIT         ?C?LDIV
            CODE    41FEH     0042H     UNIT         ?PR?CONTROLMOS?AFEPROCESS
            CODE    4240H     0041H     UNIT         ?PR?E2PROMBKBOOT?EXTE2PROM
            CODE    4281H     003EH     UNIT         ?PR?CALIRTCTIME?CALIBRATE
            CODE    42BFH     003BH     UNIT         ?PR?_OPENBAL?BALANCE
            CODE    42FAH     003AH     UNIT         ?PR?LOWPOWERPROCESS?SHUTDOWN
            CODE    4334H     0037H     UNIT         ?PR?READSUBCLASSID?UART
            CODE    436BH     0037H     UNIT         ?PR?_MEMORYCOPY?COMMON
            CODE    43A2H     0036H     UNIT         ?PR?CALIBCUROFFSET?UART
BL51 BANKED LINKER/LOCATER V6.22                                                      12/10/2019  11:35:57  PAGE 6


            CODE    43D8H     0034H     UNIT         ?PR?INITIAL?INITIAL
            CODE    440CH     0034H     UNIT         ?PR?CLEARAFEFLG?AFEMTP
            CODE    4440H     0033H     UNIT         ?PR?CLRRAM?COMMON
            CODE    4473H     0033H     UNIT         ?PR?INITAFE?AFEMTP
            CODE    44A6H     0032H     UNIT         ?PR?CHECKCTOVOL?BALANCE
            CODE    44D8H     002EH     UNIT         ?PR?_MEMORYSET?COMMON
            CODE    4506H     002EH     UNIT         ?PR?_FLASH_WIRTE_ONE_BYTE?MCUFLASH
            CODE    4534H     002DH     UNIT         ?PR?PROTECTPROCESS?AFEPROCESS
            CODE    4561H     002DH     UNIT         ?PR?ISPHANDSHAKE?UART
            CODE    458EH     0029H     UNIT         ?PR?_BLACKE2CHECKUP?MCUFLASH
            CODE    45B7H     0027H     UNIT         ?PR?_TWICHECKSTATUS?TWIMODULE
            CODE    45DEH     0026H     UNIT         ?PR?INITGPIO?INITIAL
            CODE    4604H     0022H     UNIT         ?PR?INITIRQ?INITIAL
            CODE    4626H     0022H     UNIT         ?PR?CLOSEBAL?BALANCE
            CODE    4648H     0021H     UNIT         ?PR?INITUART0?UART
            CODE    4669H     0020H     UNIT         ?PR?INTOPOWERDOWN?AFEPROCESS
            CODE    4689H     001FH     UNIT         ?PR?_CRC8CAL?TWIMODULE
            CODE    46A8H     001CH     UNIT         ?PR?SYSTEMINTOPD?SHUTDOWN
            CODE    46C4H     0019H     UNIT         ?PR?_DELAY1MS?COMMON
            CODE    46DDH     0015H     UNIT         ?PR?WRITEFLASHCHECK?MCUFLASH
            CODE    46F2H     0014H     UNIT         ?C_C51STARTUP
            CODE    4706H     0014H     UNIT         ?PR?INITTWI?TWIMODULE
            CODE    471AH     0013H     UNIT         ?PR?RESETINIT?COMMON
            CODE    472DH     0012H     UNIT         ?PR?INITTIMER?INITIAL
            CODE    473FH     0012H     UNIT         ?PR?UARTHANDSHAKE?UART
            CODE    4751H     000FH     UNIT         ?PR?INITCLK?INITIAL
            CODE    4760H     000CH     UNIT         ?PR?INTOIDLE?COMMON
            CODE    476CH     000CH     UNIT         ?PR?INTOPD?COMMON
            CODE    4778H     000CH     UNIT         ?PR?BATTERYINFOMANAGE?CALCULATE
                    4784H     AC7CH                  *** GAP ***
            CODE    F400H     0109H     UNIT         ?PR?ISPPROCESS?ISP
            CODE    F509H     02B7H     UNIT         ?PR?ISPPROCESSCMD?ISP



OVERLAY MAP OF MODULE:   .\output\MCUCore (MAIN)


SEGMENT                                       BIT_GROUP          DATA_GROUP          IDATA_GROUP         XDATA_GROUP
  +--> CALLED SEGMENT                      START    LENGTH     START    LENGTH     START    LENGTH     START    LENGTH
----------------------------------------------------------------------------------------------------------------------
?PR?INTERRUPTINT4?INTERRUPT                -----    -----      -----    -----      -----    -----      -----    -----
  +--> ?PR?INITCLK?INITIAL

*** NEW ROOT ***************************************************

?PR?INTERRUPTINT0?INTERRUPT                -----    -----      -----    -----      -----    -----      -----    -----
  +--> ?PR?INITCLK?INITIAL

*** NEW ROOT ***************************************************

?PR?INTERRUPTTIMER3?INTERRUPT              -----    -----      -----    -----      -----    -----      -----    -----
  +--> ?PR?SCANKEY?KEY

*** NEW ROOT ***************************************************

?PR?INTERRUPTUART?UART                     -----    -----      -----    -----      -----    -----      -----    -----
BL51 BANKED LINKER/LOCATER V6.22                                                      12/10/2019  11:35:57  PAGE 7


  +--> ?PR?UARTRDCMDPROCESS?UART
  +--> ?PR?ISPHANDSHAKE?UART
  +--> ?PR?UARTWRCMDPROCESS?UART

?PR?UARTRDCMDPROCESS?UART                  -----    -----      -----    -----      -----    -----      0200H    0002H
  +--> ?PR?UARTHANDSHAKE?UART
  +--> ?PR?_UARTREADINFO?UART
  +--> ?PR?ISPHANDSHAKE?UART
  +--> ?CO?UART

?PR?_UARTREADINFO?UART                     -----    -----      -----    -----      -----    -----      -----    -----
  +--> ?PR?_CRC8CAL?TWIMODULE

?PR?_CRC8CAL?TWIMODULE                     -----    -----      -----    -----      -----    -----      -----    -----
  +--> ?CO?TWIMODULE

?PR?ISPHANDSHAKE?UART                      -----    -----      -----    -----      -----    -----      -----    -----
  +--> ?CO?UART

?PR?UARTWRCMDPROCESS?UART                  -----    -----      -----    -----      -----    -----      0200H    0002H
  +--> ?PR?WRITEMANUFACTURE?UART
  +--> ?PR?READSUBCLASSID?UART
  +--> ?PR?CALIBCURRENT?UART
  +--> ?PR?CALIBVOLTAGE?UART
  +--> ?PR?CALIBCUROFFSET?UART
  +--> ?PR?CALIBTS1?UART
  +--> ?PR?CALIBTS2?UART
  +--> ?PR?CALIBRTC?UART
  +--> ?CO?UART
  +--> ?PR?_UARTWRITEINFO?UART

?PR?WRITEMANUFACTURE?UART                  -----    -----      -----    -----      -----    -----      -----    -----
  +--> ?PR?_CRC8CAL?TWIMODULE

?PR?READSUBCLASSID?UART                    -----    -----      -----    -----      -----    -----      -----    -----
  +--> ?PR?_CRC8CAL?TWIMODULE

?PR?CALIBCURRENT?UART                      -----    -----      -----    -----      -----    -----      -----    -----
  +--> ?PR?_CRC8CAL?TWIMODULE

?PR?CALIBVOLTAGE?UART                      -----    -----      -----    -----      -----    -----      -----    -----
  +--> ?PR?_CRC8CAL?TWIMODULE

?PR?CALIBCUROFFSET?UART                    -----    -----      -----    -----      -----    -----      -----    -----
  +--> ?PR?_CRC8CAL?TWIMODULE

?PR?CALIBTS1?UART                          -----    -----      -----    -----      -----    -----      -----    -----
  +--> ?PR?_CRC8CAL?TWIMODULE

?PR?CALIBTS2?UART                          -----    -----      -----    -----      -----    -----      -----    -----
  +--> ?PR?_CRC8CAL?TWIMODULE

?PR?CALIBRTC?UART                          -----    -----      -----    -----      -----    -----      -----    -----
  +--> ?PR?_CRC8CAL?TWIMODULE

?PR?_UARTWRITEINFO?UART                    -----    -----      -----    -----      -----    -----      0202H    0002H
  +--> ?PR?_CRC8CAL?TWIMODULE
BL51 BANKED LINKER/LOCATER V6.22                                                      12/10/2019  11:35:57  PAGE 8



*** NEW ROOT ***************************************************

?C_C51STARTUP                              -----    -----      -----    -----      -----    -----      -----    -----
  +--> ?PR?MAIN?MAIN

?PR?MAIN?MAIN                              -----    -----      -----    -----      -----    -----      -----    -----
  +--> ?PR?INITIAL?INITIAL
  +--> ?PR?RESETINIT?COMMON
  +--> ?PR?_TWIWRITEAFE?AFEMTP
  +--> ?PR?ISPPROCESS?ISP
  +--> ?PR?WAKEUPPROCESS?SHUTDOWN
  +--> ?PR?KEYPROCESS?KEY
  +--> ?PR?ALARMPROCESS?AFEPROCESS
  +--> ?PR?CURRPROCESS?AFEPROCESS
  +--> ?PR?BATTERYINFOMANAGE?CALCULATE
  +--> ?PR?BALMANAGE?BALANCE
  +--> ?PR?CELLOPENPROCESS?BALANCE
  +--> ?PR?BALPROCESS?BALANCE
  +--> ?PR?CALIPROCESS?CALIBRATE
  +--> ?PR?FLASHPROCESS?MCUFLASH
  +--> ?PR?E2PROMBKPROCESS?EXTE2PROM
  +--> ?PR?PROTECTPROCESS?AFEPROCESS
  +--> ?PR?RAMCHECKPROCESS?COMMON
  +--> ?PR?LEDPOWEROFF?LED
  +--> ?PR?VOLPROCESS?AFEPROCESS
  +--> ?PR?GAUGEMANAGE?GASGAUGE
  +--> ?PR?AFERAMCHECK?AFEPROCESS
  +--> ?PR?WRITEFLASHCHECK?MCUFLASH
  +--> ?PR?E2PROMBKCHECK?EXTE2PROM
  +--> ?PR?LOWPOWERCHECK?SHUTDOWN
  +--> ?PR?LOWPOWERPROCESS?SHUTDOWN

?PR?INITIAL?INITIAL                        -----    -----      -----    -----      -----    -----      -----    -----
  +--> ?PR?ISPPROCESS?ISP
  +--> ?PR?ALLINITIAL?INITIAL
  +--> ?PR?PARTIALINITIAL?INITIAL

?PR?ISPPROCESS?ISP                         -----    -----      -----    -----      -----    -----      -----    -----
  +--> ?PR?ISPPROCESSCMD?ISP

?PR?ISPPROCESSCMD?ISP                      -----    -----      002DH    000BH      -----    -----      -----    -----

?PR?ALLINITIAL?INITIAL                     -----    -----      -----    -----      -----    -----      -----    -----
  +--> ?PR?INITGPIO?INITIAL
  +--> ?PR?CLRRAM?COMMON
  +--> ?PR?INITTIMER?INITIAL
  +--> ?PR?INITUART0?UART
  +--> ?PR?INITTWI?TWIMODULE
  +--> ?PR?INITSYSPARA?INITIAL
  +--> ?PR?INITVAR?INITIAL
  +--> ?PR?INITPWM?INITIAL
  +--> ?PR?INITAFE?AFEMTP
  +--> ?PR?CLEARAFEFLG?AFEMTP
  +--> ?PR?WAITADCCONVERT?AFEPROCESS
  +--> ?PR?BATTERYINFOMANAGE?CALCULATE
  +--> ?PR?PORONPROTECT?AFEPROCESS
BL51 BANKED LINKER/LOCATER V6.22                                                      12/10/2019  11:35:57  PAGE 9


  +--> ?PR?INITGASGAUGE?GASGAUGE
  +--> ?PR?INITIRQ?INITIAL
  +--> ?PR?INTOPOWERDOWN?AFEPROCESS
  +--> ?PR?INITSEALCALIBRATE?INITIAL
  +--> ?PR?INITE2PROM?EXTE2PROM
  +--> ?PR?INITRTC?RTC

?PR?CLRRAM?COMMON                          -----    -----      -----    -----      001BH    0002H      -----    -----

?PR?INITSYSPARA?INITIAL                    -----    -----      -----    -----      -----    -----      0204H    0004H
  +--> ?PR?_READMCUFLASH?MCUFLASH
  +--> ?PR?SYSTEMINTOPD?SHUTDOWN
  +--> ?PR?_WRITEMCUFLASH?MCUFLASH

?PR?_READMCUFLASH?MCUFLASH                 002BH.6  0000H.1    002DH    0002H      -----    -----      0208H    0004H

?PR?SYSTEMINTOPD?SHUTDOWN                  -----    -----      -----    -----      -----    -----      -----    -----
  +--> ?PR?INTOPOWERDOWN?AFEPROCESS

?PR?INTOPOWERDOWN?AFEPROCESS               -----    -----      -----    -----      -----    -----      -----    -----
  +--> ?PR?_TWIWRITEAFE?AFEMTP

?PR?_TWIWRITEAFE?AFEMTP                    002BH.7  0000H.1    -----    -----      -----    -----      0209H    0004H
  +--> ?PR?_TWIWRITE?TWIMODULE
  +--> ?PR?_DELAY1MS?COMMON

?PR?_TWIWRITE?TWIMODULE                    002CH.2  0000H.1    -----    -----      -----    -----      0234H    000CH
  +--> ?PR?_CRC8CAL?TWIMODULE
  +--> ?PR?_TWICHECKSTATUS?TWIMODULE

?PR?_TWICHECKSTATUS?TWIMODULE              002CH.3  0000H.1    -----    -----      -----    -----      -----    -----

?PR?_WRITEMCUFLASH?MCUFLASH                002CH.0  0000H.1    -----    -----      -----    -----      0208H    0002H
  +--> ?PR?_BLACKE2CHECKUP?MCUFLASH
  +--> ?PR?_WRITEE2SECTOR?MCUFLASH
  +--> ?PR?_E2DATACHECKUP?MCUFLASH

?PR?_WRITEE2SECTOR?MCUFLASH                002CH.1  0000H.1    002DH    0002H      -----    -----      020AH    0002H

?PR?_E2DATACHECKUP?MCUFLASH                -----    -----      002DH    0002H      -----    -----      020AH    0004H

?PR?INITVAR?INITIAL                        -----    -----      -----    -----      -----    -----      -----    -----
  +--> ?PR?_MEMORYSET?COMMON

?PR?_MEMORYSET?COMMON                      -----    -----      -----    -----      -----    -----      0216H    0002H

?PR?INITAFE?AFEMTP                         002BH.6  0000H.1    -----    -----      -----    -----      0207H    0001H
  +--> ?PR?_TWIWRITEAFE?AFEMTP

?PR?CLEARAFEFLG?AFEMTP                     -----    -----      -----    -----      -----    -----      -----    -----
  +--> ?PR?_TWIREADAFE?AFEMTP
  +--> ?PR?_TWIWRITEAFE?AFEMTP

?PR?_TWIREADAFE?AFEMTP                     002CH.0  0000H.1    -----    -----      -----    -----      0209H    0004H
  +--> ?PR?_TWIREAD?TWIMODULE
  +--> ?PR?_DELAY1MS?COMMON

BL51 BANKED LINKER/LOCATER V6.22                                                      12/10/2019  11:35:57  PAGE 10


?PR?_TWIREAD?TWIMODULE                     002CH.1  0000H.1    -----    -----      -----    -----      0233H    0038H
  +--> ?PR?_TWICHECKSTATUS?TWIMODULE
  +--> ?PR?_CRC8CAL?TWIMODULE

?PR?WAITADCCONVERT?AFEPROCESS              002BH.6  0000H.1    -----    -----      -----    -----      0204H    0001H
  +--> ?PR?_DELAY1MS?COMMON
  +--> ?PR?_TWIREADAFE?AFEMTP

?PR?BATTERYINFOMANAGE?CALCULATE            -----    -----      -----    -----      -----    -----      -----    -----
  +--> ?PR?GETAFEDATA?CALCULATE
  +--> ?PR?CALCUTEMPERATURE?CALCULATE
  +--> ?PR?CALCUVOLTAGE?CALCULATE

?PR?GETAFEDATA?CALCULATE                   002BH.6  0000H.1    -----    -----      -----    -----      0204H    0001H
  +--> ?PR?_TWIREADAFE?AFEMTP

?PR?CALCUTEMPERATURE?CALCULATE             -----    -----      -----    -----      -----    -----      -----    -----
  +--> ?PR?_CALCUTEMP?CALCULATE

?PR?_CALCUTEMP?CALCULATE                   -----    -----      -----    -----      -----    -----      0204H    0007H
  +--> ?CO?CALCULATE

?PR?CALCUVOLTAGE?CALCULATE                 -----    -----      -----    -----      -----    -----      0204H    0009H

?PR?PORONPROTECT?AFEPROCESS                -----    -----      -----    -----      -----    -----      -----    -----
  +--> ?PR?_TWIWRITEAFE?AFEMTP
  +--> ?PR?CHKMOSSTATUS?AFEPROCESS
  +--> ?PR?CONTROLMOS?AFEPROCESS

?PR?CONTROLMOS?AFEPROCESS                  -----    -----      -----    -----      -----    -----      -----    -----
  +--> ?PR?_TWIWRITEAFE?AFEMTP

?PR?INITGASGAUGE?GASGAUGE                  -----    -----      -----    -----      -----    -----      0204H    0001H

?PR?INITE2PROM?EXTE2PROM                   -----    -----      -----    -----      -----    -----      0205H    0008H
  +--> ?PR?_E2PROMREAD?EXTE2PROM

?PR?_E2PROMREAD?EXTE2PROM                  002BH.6  0000H.1    -----    -----      -----    -----      0216H    0006H
  +--> ?PR?_TWIREAD?TWIMODULE
  +--> ?PR?_DELAY1MS?COMMON

?PR?INITRTC?RTC                            -----    -----      -----    -----      -----    -----      0205H    0011H
  +--> ?PR?_MEMORYSET?COMMON
  +--> ?PR?_E2PROMREAD?EXTE2PROM
  +--> ?PR?_MEMORYCOPY?COMMON
  +--> ?PR?_RTCWRITE?RTC
  +--> ?PR?RTCREADTIME?RTC

?PR?_MEMORYCOPY?COMMON                     -----    -----      -----    -----      -----    -----      0226H    0002H

?PR?_RTCWRITE?RTC                          002CH.1  0000H.1    -----    -----      -----    -----      022FH    0004H
  +--> ?PR?_TWIWRITE?TWIMODULE

?PR?RTCREADTIME?RTC                        002BH.6  0000H.1    -----    -----      -----    -----      0226H    0009H
  +--> ?PR?_RTCREAD?RTC
  +--> ?PR?_RTCWRITE?RTC

BL51 BANKED LINKER/LOCATER V6.22                                                      12/10/2019  11:35:57  PAGE 11


?PR?_RTCREAD?RTC                           002BH.7  0000H.1    -----    -----      -----    -----      022FH    0004H
  +--> ?PR?_TWIREAD?TWIMODULE

?PR?PARTIALINITIAL?INITIAL                 -----    -----      -----    -----      -----    -----      -----    -----
  +--> ?PR?INITGPIO?INITIAL
  +--> ?PR?INITTIMER?INITIAL
  +--> ?PR?INITUART0?UART
  +--> ?PR?INITTWI?TWIMODULE
  +--> ?PR?INITSYSPARA?INITIAL
  +--> ?PR?INITVAR?INITIAL
  +--> ?PR?INITPWM?INITIAL
  +--> ?PR?INITAFE?AFEMTP
  +--> ?PR?CLEARAFEFLG?AFEMTP
  +--> ?PR?WAITADCCONVERT?AFEPROCESS
  +--> ?PR?BATTERYINFOMANAGE?CALCULATE
  +--> ?PR?PORONPROTECT?AFEPROCESS
  +--> ?PR?INITGASGAUGE?GASGAUGE
  +--> ?PR?INITIRQ?INITIAL
  +--> ?PR?INTOPOWERDOWN?AFEPROCESS
  +--> ?PR?INITSEALCALIBRATE?INITIAL
  +--> ?PR?INITE2PROM?EXTE2PROM
  +--> ?PR?INITRTC?RTC

?PR?WAKEUPPROCESS?SHUTDOWN                 -----    -----      -----    -----      -----    -----      -----    -----
  +--> ?PR?INITCLK?INITIAL
  +--> ?PR?_DELAY1MS?COMMON
  +--> ?PR?INITIRQ?INITIAL
  +--> ?PR?_TWIWRITEAFE?AFEMTP

?PR?KEYPROCESS?KEY                         -----    -----      -----    -----      -----    -----      -----    -----
  +--> ?PR?PROCESSKEYSPEED?KEY
  +--> ?PR?LEDPOWERON?LED
  +--> ?PR?INTOPOWERDOWN?AFEPROCESS
  +--> ?PR?_DELAY1MS?COMMON

?PR?ALARMPROCESS?AFEPROCESS                -----    -----      -----    -----      -----    -----      -----    -----
  +--> ?PR?_TWIREADAFE?AFEMTP
  +--> ?PR?INITAFE?AFEMTP

?PR?CURRPROCESS?AFEPROCESS                 -----    -----      -----    -----      -----    -----      0204H    0005H
  +--> ?PR?_TWIREADAFE?AFEMTP
  +--> ?PR?CURRPROTECT?AFEPROCESS

?PR?CURRPROTECT?AFEPROCESS                 -----    -----      -----    -----      -----    -----      -----    -----
  +--> ?PR?_TWIWRITEAFE?AFEMTP

?PR?BALPROCESS?BALANCE                     -----    -----      -----    -----      -----    -----      0204H    0002H
  +--> ?PR?_OPENBAL?BALANCE
  +--> ?PR?CHECKCTOVOL?BALANCE
  +--> ?PR?CLOSEBAL?BALANCE

?PR?_OPENBAL?BALANCE                       -----    -----      -----    -----      -----    -----      0206H    0002H
  +--> ?PR?_TWIWRITEAFE?AFEMTP

?PR?CHECKCTOVOL?BALANCE                    002BH.6  0000H.1    -----    -----      -----    -----      -----    -----

?PR?CLOSEBAL?BALANCE                       -----    -----      -----    -----      -----    -----      -----    -----
BL51 BANKED LINKER/LOCATER V6.22                                                      12/10/2019  11:35:57  PAGE 12


  +--> ?PR?_TWIWRITEAFE?AFEMTP

?PR?CALIPROCESS?CALIBRATE                  002BH.6  0000H.1    -----    -----      -----    -----      -----    -----
  +--> ?PR?CALIVOLTAGESUB?CALIBRATE
  +--> ?PR?CALITS1SUB?CALIBRATE
  +--> ?PR?CALITS2SUB?CALIBRATE
  +--> ?PR?CALICURRENTSUB?CALIBRATE
  +--> ?PR?CALICUROFFSETSUB?CALIBRATE
  +--> ?PR?CALIRTCTIME?CALIBRATE

?PR?CALIVOLTAGESUB?CALIBRATE               002BH.7  0000H.1    -----    -----      -----    -----      0204H    0003H
  +--> ?PR?_TWIREADAFE?AFEMTP

?PR?CALITS1SUB?CALIBRATE                   002BH.7  0000H.1    -----    -----      -----    -----      -----    -----
  +--> ?PR?_TWIREADAFE?AFEMTP
  +--> ?PR?_CALCUTEMP?CALCULATE

?PR?CALITS2SUB?CALIBRATE                   002BH.7  0000H.1    -----    -----      -----    -----      -----    -----
  +--> ?PR?_TWIREADAFE?AFEMTP
  +--> ?PR?_CALCUTEMP?CALCULATE

?PR?CALICURRENTSUB?CALIBRATE               002BH.7  0000H.1    -----    -----      -----    -----      0204H    0004H
  +--> ?PR?_TWIREADAFE?AFEMTP
  +--> ?PR?_DELAY1MS?COMMON

?PR?CALICUROFFSETSUB?CALIBRATE             002BH.7  0000H.1    -----    -----      -----    -----      0204H    0004H
  +--> ?PR?_TWIREADAFE?AFEMTP
  +--> ?PR?_DELAY1MS?COMMON

?PR?CALIRTCTIME?CALIBRATE                  002BH.7  0000H.1    -----    -----      -----    -----      -----    -----
  +--> ?PR?RTCMODIFYTIME?RTC

?PR?RTCMODIFYTIME?RTC                      002CH.0  0000H.1    -----    -----      -----    -----      0204H    0008H
  +--> ?PR?_RTCWRITE?RTC

?PR?FLASHPROCESS?MCUFLASH                  002BH.6  0000H.2    -----    -----      -----    -----      -----    -----
  +--> ?PR?_WRITEMCUFLASH?MCUFLASH
  +--> ?PR?_FLASH_WIRTE_ONE_BYTE?MCUFLASH

?PR?E2PROMBKPROCESS?EXTE2PROM              -----    -----      -----    -----      -----    -----      0204H    0001H
  +--> ?PR?INITE2PROM?EXTE2PROM
  +--> ?PR?INITRTC?RTC
  +--> ?PR?E2PROMERASE?EXTE2PROM
  +--> ?PR?UARTRDE2PROM?EXTE2PROM
  +--> ?PR?UARTRDRTC?EXTE2PROM
  +--> ?PR?E2PROMBKRTC?EXTE2PROM
  +--> ?PR?_E2PROMBKDATA?EXTE2PROM

?PR?E2PROMERASE?EXTE2PROM                  -----    -----      -----    -----      -----    -----      0205H    000AH
  +--> ?PR?_MEMORYSET?COMMON
  +--> ?PR?_E2PROMWRITE?EXTE2PROM

?PR?_E2PROMWRITE?EXTE2PROM                 -----    -----      -----    -----      -----    -----      022EH    0006H
  +--> ?PR?_TWIWRITE?TWIMODULE
  +--> ?PR?_DELAY1MS?COMMON

?PR?UARTRDE2PROM?EXTE2PROM                 -----    -----      -----    -----      -----    -----      -----    -----
BL51 BANKED LINKER/LOCATER V6.22                                                      12/10/2019  11:35:57  PAGE 13


  +--> ?PR?_E2PROMREAD?EXTE2PROM
  +--> ?PR?_CRC8CAL?TWIMODULE

?PR?UARTRDRTC?EXTE2PROM                    -----    -----      -----    -----      -----    -----      -----    -----
  +--> ?PR?RTCREADTIME?RTC
  +--> ?PR?_MEMORYCOPY?COMMON
  +--> ?PR?_CRC8CAL?TWIMODULE

?PR?E2PROMBKRTC?EXTE2PROM                  -----    -----      -----    -----      -----    -----      0205H    000AH
  +--> ?PR?RTCREADTIME?RTC
  +--> ?PR?_MEMORYCOPY?COMMON
  +--> ?PR?_E2PROMWRITE?EXTE2PROM

?PR?_E2PROMBKDATA?EXTE2PROM                -----    -----      -----    -----      -----    -----      0205H    0021H
  +--> ?PR?_MEMORYCOPY?COMMON
  +--> ?PR?RTCREADTIME?RTC
  +--> ?PR?_E2PROMWRITE?EXTE2PROM
  +--> ?PR?E2PROMBKBOOT?EXTE2PROM

?PR?E2PROMBKBOOT?EXTE2PROM                 -----    -----      -----    -----      -----    -----      0226H    0008H
  +--> ?PR?_E2PROMWRITE?EXTE2PROM

?PR?PROTECTPROCESS?AFEPROCESS              -----    -----      -----    -----      -----    -----      -----    -----
  +--> ?PR?VOLPROTECT?AFEPROCESS
  +--> ?PR?TEMPEPROTECT?AFEPROCESS
  +--> ?PR?CHKMOSSTATUS?AFEPROCESS
  +--> ?PR?CONTROLMOS?AFEPROCESS
  +--> ?PR?RECOVERYOC?AFEPROCESS
  +--> ?PR?CHECKLOAD?AFEPROCESS
  +--> ?PR?CHECKCHARGER?AFEPROCESS

?PR?VOLPROTECT?AFEPROCESS                  -----    -----      -----    -----      -----    -----      -----    -----
  +--> ?PR?_TWIWRITEAFE?AFEMTP

?PR?RECOVERYOC?AFEPROCESS                  -----    -----      -----    -----      -----    -----      -----    -----
  +--> ?PR?_TWIWRITEAFE?AFEMTP

?PR?CHECKLOAD?AFEPROCESS                   -----    -----      -----    -----      -----    -----      -----    -----
  +--> ?PR?_TWIWRITEAFE?AFEMTP
  +--> ?PR?_TWIREADAFE?AFEMTP

?PR?CHECKCHARGER?AFEPROCESS                -----    -----      -----    -----      -----    -----      -----    -----
  +--> ?PR?_TWIREADAFE?AFEMTP
  +--> ?PR?_TWIWRITEAFE?AFEMTP

?PR?RAMCHECKPROCESS?COMMON                 -----    -----      -----    -----      -----    -----      -----    -----
  +--> ?PR?INITSYSPARA?INITIAL

?PR?GAUGEMANAGE?GASGAUGE                   -----    -----      -----    -----      -----    -----      0204H    0002H

?PR?AFERAMCHECK?AFEPROCESS                 -----    -----      -----    -----      -----    -----      0204H    0003H
  +--> ?PR?_TWIREADAFE?AFEMTP
  +--> ?PR?INITAFE?AFEMTP

?PR?E2PROMBKCHECK?EXTE2PROM                -----    -----      -----    -----      -----    -----      -----    -----
  +--> ?PR?INITE2PROM?EXTE2PROM
  +--> ?PR?INITRTC?RTC
BL51 BANKED LINKER/LOCATER V6.22                                                      12/10/2019  11:35:57  PAGE 14


  +--> ?PR?RTCREADTIME?RTC
  +--> ?PR?_MEMORYCOPY?COMMON

?PR?LOWPOWERPROCESS?SHUTDOWN               -----    -----      -----    -----      -----    -----      -----    -----
  +--> ?PR?INTOIDLE?COMMON
  +--> ?PR?SYSTEMINTOPD?SHUTDOWN
  +--> ?PR?SYSTEMINTOIDLE?SHUTDOWN

?PR?SYSTEMINTOIDLE?SHUTDOWN                -----    -----      -----    -----      -----    -----      -----    -----
  +--> ?PR?_TWIWRITEAFE?AFEMTP
  +--> ?PR?_DELAY1MS?COMMON
  +--> ?PR?INTOPD?COMMON



SYMBOL TABLE OF MODULE:  .\output\MCUCore (MAIN)

  VALUE           TYPE          NAME
  ----------------------------------

  -------         MODULE        MAIN
  C:0000H         SYMBOL        _ICE_DUMMY_
  D:0080H         PUBLIC        P0
  D:0090H         PUBLIC        P1
  D:00A0H         PUBLIC        P2
  D:00B0H         PUBLIC        P3
  D:00C0H         PUBLIC        P4
  D:0080H         PUBLIC        P5
  B:00A8H.7       PUBLIC        EA
  C:2B08H         PUBLIC        main
  D:00B1H         PUBLIC        RSTSTAT
  -------         PROC          MAIN
  C:2B08H         LINE#         12
  C:2B08H         LINE#         13
  C:2B08H         LINE#         14
  C:2B0BH         LINE#         16
  C:2B0BH         LINE#         17
  C:2B0BH         LINE#         18
  C:2B0EH         LINE#         20
  C:2B18H         LINE#         21
  C:2B18H         LINE#         22
  C:2B1AH         LINE#         23
  C:2B1DH         LINE#         24
  C:2B1DH         LINE#         26
  C:2B23H         LINE#         27
  C:2B23H         LINE#         28
  C:2B25H         LINE#         29
  C:2B35H         LINE#         30
  C:2B38H         LINE#         31
  C:2B38H         LINE#         33
  C:2B3BH         LINE#         34
  C:2B3BH         LINE#         35
  C:2B3DH         LINE#         36
  C:2B40H         LINE#         37
  C:2B40H         LINE#         39
  C:2B43H         LINE#         40
  C:2B43H         LINE#         41
BL51 BANKED LINKER/LOCATER V6.22                                                      12/10/2019  11:35:57  PAGE 15


  C:2B45H         LINE#         42
  C:2B48H         LINE#         43
  C:2B48H         LINE#         45
  C:2B4BH         LINE#         46
  C:2B4BH         LINE#         47
  C:2B4DH         LINE#         48
  C:2B50H         LINE#         49
  C:2B50H         LINE#         51
  C:2B53H         LINE#         52
  C:2B53H         LINE#         53
  C:2B55H         LINE#         54
  C:2B58H         LINE#         55
  C:2B58H         LINE#         57
  C:2B5BH         LINE#         58
  C:2B5BH         LINE#         59
  C:2B5DH         LINE#         60
  C:2B60H         LINE#         62
  C:2B63H         LINE#         64
  C:2B66H         LINE#         66
  C:2B69H         LINE#         67
  C:2B69H         LINE#         69
  C:2B6CH         LINE#         70
  C:2B6CH         LINE#         71
  C:2B6EH         LINE#         72
  C:2B71H         LINE#         73
  C:2B71H         LINE#         75
  C:2B74H         LINE#         76
  C:2B74H         LINE#         77
  C:2B76H         LINE#         78
  C:2B79H         LINE#         79
  C:2B79H         LINE#         81
  C:2B7FH         LINE#         82
  C:2B7FH         LINE#         83
  C:2B81H         LINE#         84
  C:2B84H         LINE#         85
  C:2B84H         LINE#         87
  C:2B87H         LINE#         88
  C:2B87H         LINE#         89
  C:2B89H         LINE#         90
  C:2B8CH         LINE#         91
  C:2B8CH         LINE#         93
  C:2B8FH         LINE#         94
  C:2B8FH         LINE#         95
  C:2B91H         LINE#         97
  C:2B94H         LINE#         99
  C:2B97H         LINE#         101
  C:2B9AH         LINE#         103
  C:2B9DH         LINE#         105
  C:2BA0H         LINE#         107
  C:2BA3H         LINE#         109
  C:2BA6H         LINE#         110
  C:2BA6H         LINE#         111
  C:2BA9H         LINE#         112
  C:2BA9H         LINE#         114
  C:2BACH         LINE#         116
  C:2BACH         LINE#         118
  C:2BAFH         LINE#         119
BL51 BANKED LINKER/LOCATER V6.22                                                      12/10/2019  11:35:57  PAGE 16


  -------         ENDPROC       MAIN
  -------         ENDMOD        MAIN

  -------         MODULE        INITIAL
  C:0000H         SYMBOL        _ICE_DUMMY_
  D:0080H         PUBLIC        P0
  D:0090H         PUBLIC        P1
  D:00A0H         PUBLIC        P2
  D:00B0H         PUBLIC        P3
  C:4604H         PUBLIC        InitIRQ
  D:00C0H         PUBLIC        P4
  D:0080H         PUBLIC        P5
  B:00A8H.7       PUBLIC        EA
  D:00B7H         PUBLIC        PWM2CON
  C:3374H         PUBLIC        InitPWM
  D:00A8H         PUBLIC        IEN0
  D:00A9H         PUBLIC        IEN1
  B:0080H.0       PUBLIC        P0_0
  D:00B4H         PUBLIC        IPH0
  D:00B5H         PUBLIC        IPH1
  D:00E8H         PUBLIC        EXF0
  D:00E1H         PUBLIC        P0CR
  D:00B8H         PUBLIC        IPL0
  D:00E2H         PUBLIC        P1CR
  D:00B9H         PUBLIC        IPL1
  D:00E3H         PUBLIC        P2CR
  D:00E4H         PUBLIC        P3CR
  C:472DH         PUBLIC        InitTimer
  D:00BAH         PUBLIC        IENC
  C:40EBH         PUBLIC        PartialInitial
  C:01F0H         PUBLIC        InitSealCalibrate
  C:4751H         PUBLIC        InitClk
  D:00BFH         PUBLIC        PWM2DH
  D:0088H         PUBLIC        TCON
  D:00BEH         PUBLIC        PWM2DL
  D:00B1H         PUBLIC        RSTSTAT
  D:00B2H         PUBLIC        CLKCON
  D:00BDH         PUBLIC        PWM2PH
  C:2495H         PUBLIC        InitVar
  D:00BCH         PUBLIC        PWM2PL
  C:45DEH         PUBLIC        InitGPIO
  D:0086H         PUBLIC        INSCON
  C:43D8H         PUBLIC        Initial
  D:008DH         PUBLIC        TH3
  D:00A7H         PUBLIC        FLASHCON
  D:008CH         PUBLIC        TL3
  B:0088H.2       PUBLIC        TR3
  C:1675H         PUBLIC        InitSysPara
  D:00E9H         PUBLIC        P0PCR
  D:00EAH         PUBLIC        P1PCR
  D:0088H         PUBLIC        T3CON
  D:00EBH         PUBLIC        P2PCR
  C:4013H         PUBLIC        AllInitial
  D:00ECH         PUBLIC        P3PCR
  -------         PROC          INITSEALCALIBRATE
  C:01F0H         LINE#         24
  C:01F0H         LINE#         25
BL51 BANKED LINKER/LOCATER V6.22                                                      12/10/2019  11:35:57  PAGE 17


  C:01F0H         LINE#         26
  C:01F7H         LINE#         27
  C:01F7H         LINE#         28
  C:01F9H         LINE#         29
  C:01FAH         LINE#         31
  C:01FAH         LINE#         32
  C:01FCH         LINE#         33
  C:01FCH         LINE#         34
  -------         ENDPROC       INITSEALCALIBRATE
  -------         PROC          INITVAR
  C:2495H         LINE#         45
  C:2495H         LINE#         46
  C:2495H         LINE#         47
  C:2497H         LINE#         48
  C:2499H         LINE#         49
  C:249BH         LINE#         50
  C:249DH         LINE#         51
  C:249FH         LINE#         52
  C:24A1H         LINE#         53
  C:24A3H         LINE#         55
  C:24A5H         LINE#         56
  C:24A7H         LINE#         57
  C:24A9H         LINE#         58
  C:24ABH         LINE#         59
  C:24ADH         LINE#         60
  C:24AFH         LINE#         62
  C:24B2H         LINE#         64
  C:24B4H         LINE#         65
  C:24B6H         LINE#         66
  C:24B8H         LINE#         67
  C:24BAH         LINE#         68
  C:24BCH         LINE#         69
  C:24BEH         LINE#         71
  C:24C2H         LINE#         72
  C:24C6H         LINE#         73
  C:24CAH         LINE#         74
  C:24CCH         LINE#         75
  C:24CEH         LINE#         76
  C:24D0H         LINE#         77
  C:24D4H         LINE#         78
  C:24D8H         LINE#         79
  C:24DAH         LINE#         80
  C:24DEH         LINE#         81
  C:24E8H         LINE#         82
  C:24ECH         LINE#         83
  C:24F0H         LINE#         84
  C:24F4H         LINE#         85
  C:24F8H         LINE#         87
  C:24FCH         LINE#         88
  C:2500H         LINE#         89
  C:2504H         LINE#         90
  C:2508H         LINE#         91
  C:250CH         LINE#         92
  C:2510H         LINE#         93
  C:2514H         LINE#         94
  C:2518H         LINE#         95
  C:251CH         LINE#         96
BL51 BANKED LINKER/LOCATER V6.22                                                      12/10/2019  11:35:57  PAGE 18


  C:2520H         LINE#         97
  C:2524H         LINE#         98
  C:2528H         LINE#         99
  C:252CH         LINE#         100
  C:2530H         LINE#         102
  C:2532H         LINE#         103
  C:2534H         LINE#         104
  C:2536H         LINE#         105
  C:2538H         LINE#         106
  C:253BH         LINE#         107
  C:253FH         LINE#         108
  C:2542H         LINE#         110
  C:2546H         LINE#         111
  C:2550H         LINE#         113
  C:2552H         LINE#         115
  C:2557H         LINE#         116
  C:255DH         LINE#         117
  C:2561H         LINE#         118
  C:2563H         LINE#         119
  C:2565H         LINE#         120
  C:256BH         LINE#         122
  C:2576H         LINE#         123
  C:2580H         LINE#         124
  C:258AH         LINE#         125
  C:2592H         LINE#         126
  -------         ENDPROC       INITVAR
  -------         PROC          INITSYSPARA
  -------         DO            
  X:0204H         SYMBOL        i
  -------         ENDDO         
  C:1675H         LINE#         136
  C:1675H         LINE#         137
  C:1675H         LINE#         141
  C:1683H         LINE#         142
  C:1683H         LINE#         143
  C:1692H         LINE#         144
  C:1692H         LINE#         145
  C:1692H         LINE#         146
  C:1692H         LINE#         147
  C:1695H         LINE#         148
  C:1698H         LINE#         149
  C:169AH         LINE#         150
  C:169AH         LINE#         152
  C:169AH         LINE#         153
  C:169DH         LINE#         154
  C:16ADH         LINE#         155
  C:16ADH         LINE#         156
  C:16B7H         LINE#         157
  C:16BEH         LINE#         158
  C:16BEH         LINE#         159
  C:16C8H         LINE#         160
  C:16CDH         LINE#         161
  C:16CDH         LINE#         162
  C:16CDH         LINE#         163
  C:16D0H         LINE#         164
  C:16D0H         LINE#         165
  C:16D2H         LINE#         167
BL51 BANKED LINKER/LOCATER V6.22                                                      12/10/2019  11:35:57  PAGE 19


  C:16D2H         LINE#         168
  C:16D5H         LINE#         169
  C:16E5H         LINE#         170
  C:16E5H         LINE#         171
  C:16EFH         LINE#         172
  C:16F7H         LINE#         173
  C:16F7H         LINE#         174
  C:1701H         LINE#         175
  C:1707H         LINE#         176
  C:1707H         LINE#         177
  C:1707H         LINE#         178
  C:170AH         LINE#         179
  C:170AH         LINE#         181
  C:170FH         LINE#         184
  C:1738H         LINE#         187
  C:1742H         LINE#         188
  C:174CH         LINE#         189
  C:1760H         LINE#         190
  C:176FH         LINE#         191
  C:1779H         LINE#         192
  C:1781H         LINE#         193
  C:178BH         LINE#         195
  C:178EH         LINE#         196
  C:178EH         LINE#         197
  C:1795H         LINE#         198
  C:17A7H         LINE#         199
  C:17A7H         LINE#         201
  C:17AAH         LINE#         202
  C:17AAH         LINE#         203
  C:17B1H         LINE#         204
  C:17C3H         LINE#         205
  C:17E2H         LINE#         206
  C:17FAH         LINE#         207
  C:1808H         LINE#         208
  C:1808H         LINE#         211
  C:1810H         LINE#         212
  C:1819H         LINE#         213
  C:1819H         LINE#         214
  C:181CH         LINE#         215
  C:181DH         LINE#         216
  C:1828H         LINE#         217
  C:1828H         LINE#         218
  C:182BH         LINE#         219
  C:182CH         LINE#         221
  C:182CH         LINE#         222
  C:182FH         LINE#         223
  C:182FH         LINE#         224
  -------         ENDPROC       INITSYSPARA
  -------         PROC          INITIRQ
  C:4604H         LINE#         234
  C:4604H         LINE#         235
  C:4604H         LINE#         236
  C:4606H         LINE#         238
  C:4609H         LINE#         239
  C:460CH         LINE#         240
  C:460FH         LINE#         241
  C:4612H         LINE#         242
BL51 BANKED LINKER/LOCATER V6.22                                                      12/10/2019  11:35:57  PAGE 20


  C:4615H         LINE#         244
  C:4618H         LINE#         246
  C:461BH         LINE#         247
  C:461EH         LINE#         248
  C:4621H         LINE#         249
  C:4623H         LINE#         251
  C:4625H         LINE#         252
  -------         ENDPROC       INITIRQ
  -------         PROC          INITTIMER
  C:472DH         LINE#         262
  C:472DH         LINE#         263
  C:472DH         LINE#         264
  C:4730H         LINE#         265
  C:4733H         LINE#         266
  C:4736H         LINE#         267
  C:4739H         LINE#         268
  C:473BH         LINE#         269
  C:473EH         LINE#         270
  -------         ENDPROC       INITTIMER
  -------         PROC          INITGPIO
  C:45DEH         LINE#         299
  C:45DEH         LINE#         300
  C:45DEH         LINE#         301
  C:45E1H         LINE#         302
  C:45E3H         LINE#         303
  C:45E6H         LINE#         305
  C:45E9H         LINE#         306
  C:45ECH         LINE#         307
  C:45EFH         LINE#         309
  C:45F2H         LINE#         310
  C:45F5H         LINE#         311
  C:45F8H         LINE#         313
  C:45FBH         LINE#         314
  C:45FEH         LINE#         315
  C:4601H         LINE#         317
  C:4603H         LINE#         318
  -------         ENDPROC       INITGPIO
  -------         PROC          INITCLK
  C:4751H         LINE#         328
  C:4751H         LINE#         329
  C:4751H         LINE#         330
  C:4754H         LINE#         331
  C:4755H         LINE#         332
  C:4756H         LINE#         333
  C:4757H         LINE#         334
  C:4758H         LINE#         335
  C:4759H         LINE#         336
  C:475AH         LINE#         337
  C:475BH         LINE#         338
  C:475CH         LINE#         339
  C:475FH         LINE#         340
  -------         ENDPROC       INITCLK
  -------         PROC          INITPWM
  C:3374H         LINE#         350
  C:3374H         LINE#         351
  C:3374H         LINE#         352
  C:3377H         LINE#         353
BL51 BANKED LINKER/LOCATER V6.22                                                      12/10/2019  11:35:57  PAGE 21


  C:3391H         LINE#         354
  C:33B0H         LINE#         355
  C:33CEH         LINE#         356
  C:33E9H         LINE#         357
  C:33EBH         LINE#         358
  C:33EDH         LINE#         359
  C:33F3H         LINE#         360
  C:33F5H         LINE#         361
  -------         ENDPROC       INITPWM
  -------         PROC          PARTIALINITIAL
  C:40EBH         LINE#         371
  C:40EBH         LINE#         372
  C:40EBH         LINE#         373
  C:40EEH         LINE#         375
  C:40F1H         LINE#         377
  C:40F4H         LINE#         379
  C:40F7H         LINE#         381
  C:40FAH         LINE#         383
  C:40FDH         LINE#         385
  C:4100H         LINE#         387
  C:4105H         LINE#         388
  C:4105H         LINE#         389
  C:4108H         LINE#         391
  C:410DH         LINE#         392
  C:410DH         LINE#         393
  C:4110H         LINE#         395
  C:4113H         LINE#         397
  C:4116H         LINE#         399
  C:4119H         LINE#         400
  C:411BH         LINE#         402
  C:411BH         LINE#         403
  C:411EH         LINE#         404
  C:411EH         LINE#         405
  C:4120H         LINE#         407
  C:4120H         LINE#         408
  C:4123H         LINE#         409
  C:4123H         LINE#         411
  C:4126H         LINE#         413
  C:4129H         LINE#         414
  C:4129H         LINE#         415
  C:412CH         LINE#         416
  C:412FH         LINE#         417
  C:412FH         LINE#         419
  -------         ENDPROC       PARTIALINITIAL
  -------         PROC          ALLINITIAL
  C:4013H         LINE#         429
  C:4013H         LINE#         430
  C:4013H         LINE#         431
  C:4016H         LINE#         433
  C:4019H         LINE#         435
  C:401CH         LINE#         437
  C:401FH         LINE#         439
  C:4022H         LINE#         441
  C:4025H         LINE#         443
  C:4028H         LINE#         445
  C:402BH         LINE#         447
  C:4030H         LINE#         448
BL51 BANKED LINKER/LOCATER V6.22                                                      12/10/2019  11:35:57  PAGE 22


  C:4030H         LINE#         449
  C:4033H         LINE#         451
  C:4038H         LINE#         452
  C:4038H         LINE#         453
  C:403BH         LINE#         455
  C:403EH         LINE#         457
  C:4041H         LINE#         459
  C:4044H         LINE#         460
  C:4046H         LINE#         462
  C:4046H         LINE#         463
  C:4049H         LINE#         464
  C:4049H         LINE#         465
  C:404BH         LINE#         467
  C:404BH         LINE#         468
  C:404EH         LINE#         469
  C:404EH         LINE#         471
  C:4051H         LINE#         473
  C:4054H         LINE#         474
  C:4054H         LINE#         475
  C:4057H         LINE#         476
  C:405AH         LINE#         477
  C:405AH         LINE#         479
  -------         ENDPROC       ALLINITIAL
  -------         PROC          INITIAL
  C:43D8H         LINE#         489
  C:43D8H         LINE#         490
  C:43D8H         LINE#         491
  C:43DBH         LINE#         492
  C:43EAH         LINE#         493
  C:43EAH         LINE#         494
  C:43EDH         LINE#         495
  C:43EDH         LINE#         497
  C:43FAH         LINE#         498
  C:43FAH         LINE#         499
  C:43FDH         LINE#         500
  C:4401H         LINE#         502
  C:4404H         LINE#         503
  C:4405H         LINE#         505
  C:4405H         LINE#         506
  C:4408H         LINE#         507
  C:440BH         LINE#         508
  C:440BH         LINE#         509
  -------         ENDPROC       INITIAL
  -------         ENDMOD        INITIAL

  -------         MODULE        INTERRUPT
  C:0000H         SYMBOL        _ICE_DUMMY_
  D:0080H         PUBLIC        P0
  D:0090H         PUBLIC        P1
  D:00A0H         PUBLIC        P2
  D:00B0H         PUBLIC        P3
  D:00C0H         PUBLIC        P4
  D:0080H         PUBLIC        P5
  C:2E4FH         PUBLIC        InterruptTimer3
  B:00A0H.0       PUBLIC        P2_0
  B:00B0H.5       PUBLIC        P3_5
  D:0086H         PUBLIC        INSCON
BL51 BANKED LINKER/LOCATER V6.22                                                      12/10/2019  11:35:57  PAGE 23


  B:0088H.7       PUBLIC        TF3
  D:008DH         PUBLIC        TH3
  D:008CH         PUBLIC        TL3
  B:0098H.4       PUBLIC        REN
  C:3EA5H         PUBLIC        InterruptINT0
  C:3C39H         PUBLIC        InterruptINT4
  B:00D8H.5       PUBLIC        IF45
  -------         PROC          INTERRUPTINT4
  C:3C39H         LINE#         18
  C:3C56H         LINE#         20
  C:3C58H         LINE#         21
  C:3C5BH         LINE#         23
  C:3C5EH         LINE#         24
  C:3C5EH         LINE#         25
  C:3C60H         LINE#         26
  C:3C66H         LINE#         27
  C:3C66H         LINE#         28
  C:3C69H         LINE#         29
  C:3C6BH         LINE#         30
  C:3C6BH         LINE#         31
  C:3C6DH         LINE#         32
  C:3C6DH         LINE#         34
  C:3C6FH         LINE#         35
  -------         ENDPROC       INTERRUPTINT4
  -------         PROC          INTERRUPTINT0
  C:3EA5H         LINE#         45
  C:3EC2H         LINE#         47
  C:3EC4H         LINE#         48
  C:3EC7H         LINE#         50
  C:3ECDH         LINE#         51
  C:3ECDH         LINE#         52
  C:3ED0H         LINE#         54
  C:3ED2H         LINE#         55
  C:3ED2H         LINE#         57
  C:3ED4H         LINE#         58
  -------         ENDPROC       INTERRUPTINT0
  -------         PROC          INTERRUPTTIMER3
  C:2E4FH         LINE#         68
  C:2E6CH         LINE#         70
  C:2E6EH         LINE#         72
  C:2E71H         LINE#         73
  C:2E74H         LINE#         74
  C:2E77H         LINE#         75
  C:2E79H         LINE#         76
  C:2E7CH         LINE#         78
  C:2E7EH         LINE#         80
  C:2E81H         LINE#         81
  C:2E81H         LINE#         82
  C:2E8CH         LINE#         83
  C:2E8CH         LINE#         84
  C:2E8EH         LINE#         85
  C:2E93H         LINE#         86
  C:2E93H         LINE#         87
  C:2E95H         LINE#         89
  C:2E95H         LINE#         90
  C:2E97H         LINE#         91
  C:2E97H         LINE#         93
BL51 BANKED LINKER/LOCATER V6.22                                                      12/10/2019  11:35:57  PAGE 24


  C:2E9AH         LINE#         94
  C:2E9AH         LINE#         95
  C:2EA5H         LINE#         96
  C:2EA5H         LINE#         97
  C:2EA7H         LINE#         98
  C:2EACH         LINE#         99
  C:2EACH         LINE#         100
  C:2EAEH         LINE#         102
  C:2EAEH         LINE#         103
  C:2EB0H         LINE#         104
  C:2EB0H         LINE#         106
  C:2EB9H         LINE#         107
  C:2EB9H         LINE#         108
  C:2EBCH         LINE#         109
  C:2EBEH         LINE#         110
  C:2EBEH         LINE#         112
  C:2EC9H         LINE#         113
  C:2EC9H         LINE#         114
  C:2ECBH         LINE#         115
  C:2ED0H         LINE#         116
  C:2ED0H         LINE#         118
  C:2ED3H         LINE#         120
  C:2ED5H         LINE#         121
  -------         ENDPROC       INTERRUPTTIMER3
  -------         ENDMOD        INTERRUPT

  -------         MODULE        AFEPROCESS
  C:0000H         SYMBOL        _ICE_DUMMY_
  D:0080H         PUBLIC        P0
  D:0090H         PUBLIC        P1
  D:00A0H         PUBLIC        P2
  C:12C5H         PUBLIC        CurrProcess
  D:00B0H         PUBLIC        P3
  D:00C0H         PUBLIC        P4
  C:28ECH         PUBLIC        CurrProtect
  D:0080H         PUBLIC        P5
  D:00B7H         PUBLIC        PWM2CON
  D:00A8H         PUBLIC        IEN0
  C:41FEH         PUBLIC        ControlMos
  C:2291H         PUBLIC        VolProcess
  B:00A0H.5       PUBLIC        P2_5
  C:19A0H         PUBLIC        VolProtect
  C:31D9H         PUBLIC        CheckCharger
  C:3DC4H         PUBLIC        WaitADCConvert
  C:4669H         PUBLIC        IntoPowerDown
  C:4534H         PUBLIC        ProtectProcess
  C:39E0H         PUBLIC        AFERamCheck
  C:379CH         PUBLIC        ChkMosStatus
  C:405BH         PUBLIC        AlarmProcess
  C:3023H         PUBLIC        PorOnProtect
  C:29A8H         PUBLIC        CheckLoad
  C:097EH         PUBLIC        TempeProtect
  C:314AH         PUBLIC        RecoveryOC
  -------         PROC          VOLPROTECT
  C:19A0H         LINE#         19
  C:19A0H         LINE#         20
  C:19A0H         LINE#         21
BL51 BANKED LINKER/LOCATER V6.22                                                      12/10/2019  11:35:57  PAGE 25


  C:19A3H         LINE#         22
  C:19A3H         LINE#         23
  C:19B2H         LINE#         24
  C:19B2H         LINE#         25
  C:19CEH         LINE#         26
  C:19CEH         LINE#         27
  C:19D0H         LINE#         28
  C:19D2H         LINE#         29
  C:19D6H         LINE#         30
  C:19D6H         LINE#         31
  C:19D8H         LINE#         32
  C:19E7H         LINE#         33
  C:19E7H         LINE#         34
  C:19F0H         LINE#         35
  C:19F0H         LINE#         36
  C:19F3H         LINE#         37
  C:19F3H         LINE#         38
  C:19F3H         LINE#         39
  C:19F5H         LINE#         41
  C:19F5H         LINE#         42
  C:1A04H         LINE#         43
  C:1A04H         LINE#         44
  C:1A20H         LINE#         45
  C:1A20H         LINE#         46
  C:1A22H         LINE#         47
  C:1A27H         LINE#         48
  C:1A2BH         LINE#         49
  C:1A2BH         LINE#         50
  C:1A2DH         LINE#         51
  C:1A3CH         LINE#         52
  C:1A3CH         LINE#         53
  C:1A44H         LINE#         54
  C:1A44H         LINE#         55
  C:1A47H         LINE#         56
  C:1A47H         LINE#         57
  C:1A47H         LINE#         58
  C:1A47H         LINE#         60
  C:1A4AH         LINE#         61
  C:1A4AH         LINE#         62
  C:1A59H         LINE#         63
  C:1A59H         LINE#         64
  C:1A78H         LINE#         65
  C:1A78H         LINE#         66
  C:1A7AH         LINE#         67
  C:1A7CH         LINE#         68
  C:1A80H         LINE#         70
  C:1A82H         LINE#         71
  C:1A84H         LINE#         72
  C:1A88H         LINE#         73
  C:1A8FH         LINE#         74
  C:1A98H         LINE#         75
  C:1A98H         LINE#         76
  C:1A99H         LINE#         77
  C:1AA8H         LINE#         78
  C:1AA8H         LINE#         79
  C:1AB0H         LINE#         80
  C:1AB0H         LINE#         81
BL51 BANKED LINKER/LOCATER V6.22                                                      12/10/2019  11:35:57  PAGE 26


  C:1AB3H         LINE#         82
  C:1AB3H         LINE#         83
  C:1AB3H         LINE#         84
  C:1AB4H         LINE#         86
  C:1AB4H         LINE#         87
  C:1AC3H         LINE#         88
  C:1AC3H         LINE#         89
  C:1ADFH         LINE#         90
  C:1ADFH         LINE#         91
  C:1AE1H         LINE#         92
  C:1AE6H         LINE#         93
  C:1AEAH         LINE#         94
  C:1AEAH         LINE#         95
  C:1AEBH         LINE#         96
  C:1AFAH         LINE#         97
  C:1AFAH         LINE#         98
  C:1B03H         LINE#         99
  C:1B03H         LINE#         100
  C:1B06H         LINE#         101
  C:1B06H         LINE#         102
  C:1B06H         LINE#         103
  C:1B06H         LINE#         104
  -------         ENDPROC       VOLPROTECT
  -------         PROC          TEMPEPROTECT
  C:097EH         LINE#         114
  C:097EH         LINE#         115
  C:097EH         LINE#         116
  C:0981H         LINE#         117
  C:0981H         LINE#         118
  C:0997H         LINE#         119
  C:0997H         LINE#         120
  C:09B6H         LINE#         121
  C:09B6H         LINE#         122
  C:09B8H         LINE#         123
  C:09BAH         LINE#         124
  C:09BEH         LINE#         125
  C:09BEH         LINE#         126
  C:09C0H         LINE#         127
  C:09CFH         LINE#         128
  C:09CFH         LINE#         129
  C:09D7H         LINE#         130
  C:09D7H         LINE#         131
  C:09DAH         LINE#         132
  C:09DAH         LINE#         133
  C:09DAH         LINE#         134
  C:09DCH         LINE#         136
  C:09DCH         LINE#         137
  C:09F2H         LINE#         138
  C:09F2H         LINE#         139
  C:0A0EH         LINE#         140
  C:0A0EH         LINE#         141
  C:0A10H         LINE#         142
  C:0A15H         LINE#         143
  C:0A19H         LINE#         144
  C:0A19H         LINE#         145
  C:0A1BH         LINE#         146
  C:0A2AH         LINE#         147
BL51 BANKED LINKER/LOCATER V6.22                                                      12/10/2019  11:35:57  PAGE 27


  C:0A2AH         LINE#         148
  C:0A33H         LINE#         149
  C:0A33H         LINE#         150
  C:0A36H         LINE#         151
  C:0A36H         LINE#         152
  C:0A36H         LINE#         153
  C:0A36H         LINE#         155
  C:0A39H         LINE#         156
  C:0A39H         LINE#         157
  C:0A4FH         LINE#         158
  C:0A4FH         LINE#         159
  C:0A6EH         LINE#         160
  C:0A6EH         LINE#         161
  C:0A70H         LINE#         162
  C:0A72H         LINE#         163
  C:0A76H         LINE#         164
  C:0A76H         LINE#         165
  C:0A78H         LINE#         166
  C:0A87H         LINE#         167
  C:0A87H         LINE#         168
  C:0A90H         LINE#         169
  C:0A90H         LINE#         170
  C:0A93H         LINE#         171
  C:0A93H         LINE#         172
  C:0A93H         LINE#         173
  C:0A95H         LINE#         175
  C:0A95H         LINE#         176
  C:0AABH         LINE#         177
  C:0AABH         LINE#         178
  C:0AC7H         LINE#         179
  C:0AC7H         LINE#         180
  C:0AC9H         LINE#         181
  C:0ACEH         LINE#         182
  C:0AD2H         LINE#         183
  C:0AD2H         LINE#         184
  C:0AD4H         LINE#         185
  C:0AE3H         LINE#         186
  C:0AE3H         LINE#         187
  C:0AEBH         LINE#         188
  C:0AEBH         LINE#         189
  C:0AEEH         LINE#         190
  C:0AEEH         LINE#         191
  C:0AEEH         LINE#         192
  C:0AEEH         LINE#         194
  C:0AF1H         LINE#         195
  C:0AF1H         LINE#         196
  C:0B07H         LINE#         197
  C:0B07H         LINE#         198
  C:0B26H         LINE#         199
  C:0B26H         LINE#         200
  C:0B28H         LINE#         201
  C:0B2AH         LINE#         202
  C:0B2EH         LINE#         203
  C:0B2EH         LINE#         204
  C:0B30H         LINE#         205
  C:0B3FH         LINE#         206
  C:0B3FH         LINE#         207
BL51 BANKED LINKER/LOCATER V6.22                                                      12/10/2019  11:35:57  PAGE 28


  C:0B47H         LINE#         208
  C:0B47H         LINE#         209
  C:0B4AH         LINE#         210
  C:0B4AH         LINE#         211
  C:0B4AH         LINE#         212
  C:0B4CH         LINE#         214
  C:0B4CH         LINE#         215
  C:0B62H         LINE#         216
  C:0B62H         LINE#         217
  C:0B7EH         LINE#         218
  C:0B7EH         LINE#         219
  C:0B80H         LINE#         220
  C:0B85H         LINE#         221
  C:0B89H         LINE#         222
  C:0B89H         LINE#         223
  C:0B8BH         LINE#         224
  C:0B9AH         LINE#         225
  C:0B9AH         LINE#         226
  C:0BA3H         LINE#         227
  C:0BA3H         LINE#         228
  C:0BA6H         LINE#         229
  C:0BA6H         LINE#         230
  C:0BA6H         LINE#         231
  C:0BA6H         LINE#         233
  C:0BA9H         LINE#         234
  C:0BA9H         LINE#         235
  C:0BBFH         LINE#         236
  C:0BBFH         LINE#         237
  C:0BDEH         LINE#         238
  C:0BDEH         LINE#         239
  C:0BE0H         LINE#         240
  C:0BE2H         LINE#         241
  C:0BE6H         LINE#         242
  C:0BE6H         LINE#         243
  C:0BE7H         LINE#         244
  C:0BF6H         LINE#         245
  C:0BF6H         LINE#         246
  C:0BFFH         LINE#         247
  C:0BFFH         LINE#         248
  C:0C02H         LINE#         249
  C:0C02H         LINE#         250
  C:0C02H         LINE#         251
  C:0C03H         LINE#         253
  C:0C03H         LINE#         254
  C:0C19H         LINE#         255
  C:0C19H         LINE#         256
  C:0C35H         LINE#         257
  C:0C35H         LINE#         258
  C:0C37H         LINE#         259
  C:0C3CH         LINE#         260
  C:0C40H         LINE#         261
  C:0C40H         LINE#         262
  C:0C41H         LINE#         263
  C:0C50H         LINE#         264
  C:0C50H         LINE#         265
  C:0C58H         LINE#         266
  C:0C58H         LINE#         267
BL51 BANKED LINKER/LOCATER V6.22                                                      12/10/2019  11:35:57  PAGE 29


  C:0C5BH         LINE#         268
  C:0C5BH         LINE#         269
  C:0C5BH         LINE#         270
  C:0C5BH         LINE#         271
  -------         ENDPROC       TEMPEPROTECT
  -------         PROC          CHKMOSSTATUS
  C:379CH         LINE#         281
  C:379CH         LINE#         282
  C:379CH         LINE#         283
  C:379EH         LINE#         284
  C:37A0H         LINE#         286
  C:37A6H         LINE#         287
  C:37A6H         LINE#         288
  C:37A8H         LINE#         289
  C:37A8H         LINE#         291
  C:37C3H         LINE#         292
  C:37C3H         LINE#         293
  C:37C5H         LINE#         294
  C:37C8H         LINE#         295
  C:37CAH         LINE#         296
  C:37CCH         LINE#         298
  C:37CCH         LINE#         299
  C:37CEH         LINE#         300
  C:37D6H         LINE#         301
  C:37D6H         LINE#         302
  C:37D9H         LINE#         303
  C:37D9H         LINE#         304
  C:37D9H         LINE#         306
  C:37DCH         LINE#         307
  C:37DCH         LINE#         308
  C:37EEH         LINE#         309
  C:37EEH         LINE#         310
  C:37F0H         LINE#         311
  C:37F0H         LINE#         312
  C:37F0H         LINE#         313
  C:37FCH         LINE#         314
  C:37FCH         LINE#         315
  C:37FEH         LINE#         316
  C:37FEH         LINE#         317
  -------         ENDPROC       CHKMOSSTATUS
  -------         PROC          CONTROLMOS
  C:41FEH         LINE#         327
  C:41FEH         LINE#         328
  C:41FEH         LINE#         329
  C:4201H         LINE#         330
  C:4201H         LINE#         331
  C:4208H         LINE#         332
  C:420AH         LINE#         334
  C:420AH         LINE#         335
  C:4211H         LINE#         336
  C:4211H         LINE#         338
  C:4214H         LINE#         339
  C:4214H         LINE#         340
  C:421BH         LINE#         341
  C:421DH         LINE#         343
  C:421DH         LINE#         344
  C:4224H         LINE#         345
BL51 BANKED LINKER/LOCATER V6.22                                                      12/10/2019  11:35:57  PAGE 30


  C:4224H         LINE#         347
  C:4231H         LINE#         348
  C:4231H         LINE#         349
  C:4236H         LINE#         350
  C:423FH         LINE#         351
  C:423FH         LINE#         352
  -------         ENDPROC       CONTROLMOS
  -------         PROC          RECOVERYOC
  C:314AH         LINE#         362
  C:314AH         LINE#         363
  C:314AH         LINE#         364
  C:3150H         LINE#         365
  C:3150H         LINE#         366
  C:3156H         LINE#         367
  C:3156H         LINE#         368
  C:3174H         LINE#         369
  C:3174H         LINE#         370
  C:3176H         LINE#         371
  C:317BH         LINE#         372
  C:3181H         LINE#         373
  C:3183H         LINE#         374
  C:3186H         LINE#         375
  C:3186H         LINE#         376
  C:3188H         LINE#         377
  C:318FH         LINE#         378
  C:3198H         LINE#         379
  C:319FH         LINE#         380
  C:31A8H         LINE#         381
  C:31A8H         LINE#         382
  C:31A8H         LINE#         383
  C:31A8H         LINE#         385
  C:31ABH         LINE#         386
  C:31ABH         LINE#         387
  C:31C9H         LINE#         388
  C:31C9H         LINE#         389
  C:31D0H         LINE#         390
  C:31D2H         LINE#         392
  C:31D4H         LINE#         393
  C:31D8H         LINE#         394
  C:31D8H         LINE#         395
  C:31D8H         LINE#         396
  C:31D8H         LINE#         397
  -------         ENDPROC       RECOVERYOC
  -------         PROC          CHECKLOAD
  C:29A8H         LINE#         407
  C:29A8H         LINE#         408
  C:29A8H         LINE#         409
  C:29ABH         LINE#         410
  C:29ABH         LINE#         411
  C:29AEH         LINE#         412
  C:29AEH         LINE#         413
  C:29B0H         LINE#         414
  C:29B2H         LINE#         415
  C:29B4H         LINE#         416
  C:29BAH         LINE#         417
  C:29BAH         LINE#         418
  C:29BCH         LINE#         419
BL51 BANKED LINKER/LOCATER V6.22                                                      12/10/2019  11:35:57  PAGE 31


  C:29BEH         LINE#         420
  C:29C3H         LINE#         421
  C:29CAH         LINE#         422
  C:29D3H         LINE#         423
  C:29D3H         LINE#         425
  C:29DCH         LINE#         426
  C:29DCH         LINE#         427
  C:29DEH         LINE#         428
  C:29E0H         LINE#         429
  C:29E5H         LINE#         430
  C:29ECH         LINE#         431
  C:29F5H         LINE#         432
  C:29F5H         LINE#         433
  C:29F6H         LINE#         435
  C:29F6H         LINE#         436
  C:29FFH         LINE#         437
  C:2A06H         LINE#         438
  C:2A06H         LINE#         439
  C:2A1AH         LINE#         440
  C:2A1AH         LINE#         441
  C:2A1CH         LINE#         442
  C:2A1EH         LINE#         443
  C:2A20H         LINE#         444
  C:2A22H         LINE#         445
  C:2A24H         LINE#         446
  C:2A2BH         LINE#         447
  C:2A34H         LINE#         448
  C:2A37H         LINE#         449
  C:2A37H         LINE#         450
  C:2A39H         LINE#         451
  C:2A40H         LINE#         452
  C:2A49H         LINE#         453
  C:2A50H         LINE#         454
  C:2A59H         LINE#         455
  C:2A59H         LINE#         456
  C:2A59H         LINE#         457
  C:2A59H         LINE#         458
  C:2A59H         LINE#         459
  -------         ENDPROC       CHECKLOAD
  -------         PROC          CHECKCHARGER
  C:31D9H         LINE#         469
  C:31D9H         LINE#         470
  C:31D9H         LINE#         471
  C:31DCH         LINE#         472
  C:31DCH         LINE#         473
  C:31E5H         LINE#         474
  C:31ECH         LINE#         475
  C:31ECH         LINE#         476
  C:3208H         LINE#         477
  C:3208H         LINE#         478
  C:320AH         LINE#         479
  C:320CH         LINE#         480
  C:320EH         LINE#         481
  C:3215H         LINE#         482
  C:321EH         LINE#         483
  C:321EH         LINE#         484
  C:321EH         LINE#         485
BL51 BANKED LINKER/LOCATER V6.22                                                      12/10/2019  11:35:57  PAGE 32


  C:321EH         LINE#         487
  C:3221H         LINE#         488
  C:3221H         LINE#         489
  C:322AH         LINE#         490
  C:3231H         LINE#         491
  C:3231H         LINE#         492
  C:324DH         LINE#         493
  C:324DH         LINE#         494
  C:324FH         LINE#         495
  C:3251H         LINE#         496
  C:3253H         LINE#         497
  C:325AH         LINE#         498
  C:3263H         LINE#         499
  C:3263H         LINE#         500
  C:3263H         LINE#         501
  C:3263H         LINE#         502
  -------         ENDPROC       CHECKCHARGER
  -------         PROC          VOLPROCESS
  C:2291H         LINE#         512
  C:2291H         LINE#         513
  C:2291H         LINE#         514
  C:2297H         LINE#         515
  C:2297H         LINE#         516
  C:229AH         LINE#         517
  C:229AH         LINE#         518
  C:22CBH         LINE#         519
  C:22CBH         LINE#         520
  C:22DAH         LINE#         521
  C:22DAH         LINE#         522
  C:22DCH         LINE#         523
  C:22DEH         LINE#         524
  C:22E2H         LINE#         525
  C:22E2H         LINE#         526
  C:22E4H         LINE#         528
[...]
  C:1BD4H         LINE#         152
  C:1BDBH         LINE#         153
  C:1BDBH         LINE#         154
  C:1BDDH         LINE#         155
  C:1BDFH         LINE#         156
  C:1BDFH         LINE#         158
  C:1BE5H         LINE#         159
  C:1BE8H         LINE#         160
  C:1BEFH         LINE#         161
  C:1BEFH         LINE#         162
  C:1BF1H         LINE#         163
  C:1BF3H         LINE#         164
  C:1BF3H         LINE#         165
BL51 BANKED LINKER/LOCATER V6.22                                                      12/10/2019  11:35:57  PAGE 95


  C:1BF3H         LINE#         167
  C:1BF3H         LINE#         168
  C:1BFFH         LINE#         169
  C:1BFFH         LINE#         170
  C:1C02H         LINE#         171
  C:1C0EH         LINE#         172
  C:1C11H         LINE#         173
  C:1C18H         LINE#         174
  C:1C18H         LINE#         175
  C:1C1AH         LINE#         176
  C:1C1CH         LINE#         177
  C:1C1CH         LINE#         178
  C:1C2AH         LINE#         179
  C:1C2DH         LINE#         180
  C:1C2DH         LINE#         181
  C:1C2DH         LINE#         182
  C:1C30H         LINE#         183
  C:1C35H         LINE#         184
  C:1C35H         LINE#         185
  C:1C38H         LINE#         186
  C:1C42H         LINE#         187
  C:1C42H         LINE#         188
  C:1C50H         LINE#         189
  C:1C52H         LINE#         191
  C:1C52H         LINE#         192
  C:1C52H         LINE#         193
  C:1C52H         LINE#         194
  C:1C54H         LINE#         195
  C:1C54H         LINE#         197
  C:1C56H         LINE#         198
  -------         ENDPROC       _TWIWRITE
  -------         PROC          _TWIREAD
  D:0002H         SYMBOL        SlaveID
  X:0234H         SYMBOL        RdAddr
  X:0236H         SYMBOL        Length
  X:0237H         SYMBOL        RdBuf
  -------         DO            
  B:002CH.1       SYMBOL        result
  X:0239H         SYMBOL        i
  X:023AH         SYMBOL        TempBuf
  X:0268H         SYMBOL        RdCrc
  X:0269H         SYMBOL        timeoutcount
  C:164BH         SYMBOL        RdErr
  -------         ENDDO         
  C:14B1H         LINE#         210
  C:14BEH         LINE#         211
  C:14BEH         LINE#         212
  C:14C0H         LINE#         215
  C:14C5H         LINE#         216
  C:14CDH         LINE#         218
  C:14D2H         LINE#         219
  C:14D5H         LINE#         221
  C:14DAH         LINE#         223
  C:14E3H         LINE#         224
  C:14E3H         LINE#         225
  C:14ECH         LINE#         226
  C:14EFH         LINE#         227
BL51 BANKED LINKER/LOCATER V6.22                                                      12/10/2019  11:35:57  PAGE 96


  C:14FDH         LINE#         228
  C:14FDH         LINE#         229
  C:14FFH         LINE#         230
  C:1502H         LINE#         231
  C:1502H         LINE#         233
  C:1504H         LINE#         234
  C:1507H         LINE#         235
  C:150EH         LINE#         236
  C:150EH         LINE#         237
  C:1510H         LINE#         238
  C:1513H         LINE#         239
  C:1513H         LINE#         241
  C:1517H         LINE#         242
  C:1517H         LINE#         243
  C:151DH         LINE#         244
  C:1520H         LINE#         245
  C:1527H         LINE#         246
  C:1527H         LINE#         247
  C:1529H         LINE#         248
  C:152CH         LINE#         249
  C:152CH         LINE#         250
  C:152CH         LINE#         252
  C:1534H         LINE#         253
  C:1537H         LINE#         254
  C:153EH         LINE#         255
  C:153EH         LINE#         256
  C:1540H         LINE#         257
  C:1543H         LINE#         258
  C:1543H         LINE#         271
  C:1546H         LINE#         272
  C:1554H         LINE#         273
  C:1554H         LINE#         274
  C:1556H         LINE#         275
  C:1559H         LINE#         276
  C:1559H         LINE#         278
  C:155EH         LINE#         279
  C:1561H         LINE#         280
  C:1568H         LINE#         281
  C:1568H         LINE#         282
  C:156AH         LINE#         283
  C:156DH         LINE#         284
  C:156DH         LINE#         286
  C:1580H         LINE#         287
  C:1580H         LINE#         288
  C:1583H         LINE#         289
  C:1588H         LINE#         290
  C:1588H         LINE#         291
  C:158DH         LINE#         292
  C:158DH         LINE#         293
  C:1590H         LINE#         294
  C:1595H         LINE#         295
  C:1597H         LINE#         297
  C:1597H         LINE#         298
  C:159AH         LINE#         299
  C:159FH         LINE#         300
  C:159FH         LINE#         301
  C:15ADH         LINE#         302
BL51 BANKED LINKER/LOCATER V6.22                                                      12/10/2019  11:35:57  PAGE 97


  C:15BBH         LINE#         303
  C:15BDH         LINE#         305
  C:15BDH         LINE#         306
  C:15C0H         LINE#         307
  C:15C5H         LINE#         308
  C:15D5H         LINE#         309
  C:15D5H         LINE#         310
  C:15DDH         LINE#         312
  C:15E2H         LINE#         313
  C:15E2H         LINE#         314
  C:15E5H         LINE#         315
  C:15EAH         LINE#         316
  C:15F0H         LINE#         317
  C:1607H         LINE#         318
  C:1607H         LINE#         319
  C:161AH         LINE#         320
  C:161AH         LINE#         321
  C:1633H         LINE#         322
  C:1641H         LINE#         323
  C:1649H         LINE#         324
  C:1649H         LINE#         326
  C:1649H         LINE#         327
  C:164BH         LINE#         328
  C:164BH         LINE#         329
  C:164BH         LINE#         330
  C:164BH         LINE#         331
  C:164BH         LINE#         332
  C:164EH         LINE#         333
  C:1653H         LINE#         334
  C:1653H         LINE#         335
  C:1656H         LINE#         336
  C:1660H         LINE#         337
  C:1660H         LINE#         338
  C:166EH         LINE#         339
  C:1670H         LINE#         341
  C:1670H         LINE#         342
  C:1670H         LINE#         343
  C:1670H         LINE#         344
  C:1672H         LINE#         345
  C:1672H         LINE#         347
  C:1674H         LINE#         348
  -------         ENDPROC       _TWIREAD
  -------         PROC          INITTWI
  C:4706H         LINE#         358
  C:4706H         LINE#         359
  C:4706H         LINE#         360
  C:4709H         LINE#         361
  C:470CH         LINE#         362
  C:470FH         LINE#         363
  C:4711H         LINE#         364
  C:4714H         LINE#         365
  C:4717H         LINE#         366
  C:4719H         LINE#         367
  -------         ENDPROC       INITTWI
  -------         ENDMOD        TWIMODULE

  -------         MODULE        ISP
BL51 BANKED LINKER/LOCATER V6.22                                                      12/10/2019  11:35:57  PAGE 98


  C:0000H         SYMBOL        _ICE_DUMMY_
  D:00F3H         PUBLIC        IB_CON2
  D:0080H         PUBLIC        P0
  D:00F4H         PUBLIC        IB_CON3
  D:0090H         PUBLIC        P1
  D:00F5H         PUBLIC        IB_CON4
  D:00A0H         PUBLIC        P2
  D:00F6H         PUBLIC        IB_CON5
  D:00B0H         PUBLIC        P3
  D:00C0H         PUBLIC        P4
  D:009DH         PUBLIC        SBRTH
  D:0080H         PUBLIC        P5
  B:00A8H.7       PUBLIC        EA
  D:00FCH         PUBLIC        IB_DATA
  D:009CH         PUBLIC        SBRTL
  D:00E1H         PUBLIC        P0CR
  B:0098H.0       PUBLIC        RI
  B:0098H.1       PUBLIC        TI
  D:0081H         PUBLIC        SP
  C:F509H         PUBLIC        ISPProcessCMD
  D:0099H         PUBLIC        SBUF
  D:0098H         PUBLIC        SCON
  D:00FBH         PUBLIC        IB_OFFSET
  D:00B1H         PUBLIC        RSTSTAT
  D:00B2H         PUBLIC        CLKCON
  C:F400H         PUBLIC        ISPProcess
  D:00A7H         PUBLIC        FLASHCON
  B:0098H.4       PUBLIC        REN
  D:00E9H         PUBLIC        P0PCR
  D:009BH         PUBLIC        SADEN
  D:009AH         PUBLIC        SADDR
  D:009EH         PUBLIC        SFINE
  D:00F7H         PUBLIC        XPAGE
  D:00F2H         PUBLIC        IB_CON1
  -------         PROC          ISPPROCESS
  C:F400H         LINE#         19
  C:F400H         LINE#         20
  C:F400H         LINE#         21
  C:F402H         LINE#         22
  C:F405H         LINE#         23
  C:F408H         LINE#         24
  C:F409H         LINE#         25
  C:F40AH         LINE#         26
  C:F40BH         LINE#         27
  C:F40CH         LINE#         28
  C:F40DH         LINE#         29
  C:F40EH         LINE#         30
  C:F40FH         LINE#         31
  C:F410H         LINE#         32
  C:F413H         LINE#         34
  C:F418H         LINE#         35
  C:F41CH         LINE#         36
  C:F41EH         LINE#         37
  C:F420H         LINE#         38
  C:F422H         LINE#         39
  C:F426H         LINE#         41
  C:F429H         LINE#         42
BL51 BANKED LINKER/LOCATER V6.22                                                      12/10/2019  11:35:57  PAGE 99


  C:F42CH         LINE#         43
  C:F42FH         LINE#         45
  C:F432H         LINE#         46
  C:F435H         LINE#         47
  C:F438H         LINE#         48
  C:F43BH         LINE#         49
  C:F43EH         LINE#         50
  C:F441H         LINE#         52
  C:F441H         LINE#         53
  C:F441H         LINE#         54
  C:F444H         LINE#         55
  C:F44AH         LINE#         56
  C:F44AH         LINE#         57
  C:F45AH         LINE#         58
  C:F460H         LINE#         59
  C:F468H         LINE#         60
  C:F468H         LINE#         61
  C:F46DH         LINE#         62
  C:F471H         LINE#         63
  C:F473H         LINE#         64
  C:F47CH         LINE#         65
  C:F47CH         LINE#         66
  C:F495H         LINE#         67
  C:F495H         LINE#         68
  C:F497H         LINE#         69
  C:F49CH         LINE#         70
  C:F4AEH         LINE#         71
  C:F4AEH         LINE#         72
  C:F4B3H         LINE#         73
  C:F4B5H         LINE#         75
  C:F4B5H         LINE#         76
  C:F4BAH         LINE#         77
  C:F4BAH         LINE#         78
  C:F4BAH         LINE#         79
  C:F4BCH         LINE#         80
  C:F4C6H         LINE#         81
  C:F4C6H         LINE#         82
  C:F4CAH         LINE#         83
  C:F4CAH         LINE#         84
  C:F4CDH         LINE#         85
  C:F4D2H         LINE#         86
  C:F4D2H         LINE#         87
  C:F4D2H         LINE#         88
  C:F4D4H         LINE#         89
  C:F4D4H         LINE#         91
  C:F4DAH         LINE#         92
  C:F4DAH         LINE#         93
  C:F4E0H         LINE#         94
  C:F4EEH         LINE#         95
  C:F4EEH         LINE#         96
  C:F4F0H         LINE#         97
  C:F4F2H         LINE#         98
  C:F4F4H         LINE#         100
  C:F4F4H         LINE#         101
  C:F4F6H         LINE#         102
  C:F503H         LINE#         103
  C:F503H         LINE#         104
BL51 BANKED LINKER/LOCATER V6.22                                                      12/10/2019  11:35:57  PAGE 100


  C:F505H         LINE#         105
  C:F505H         LINE#         106
  -------         ENDPROC       ISPPROCESS
  -------         PROC          ISPPROCESSCMD
  -------         DO            
  D:002DH         SYMBOL        i
  D:002EH         SYMBOL        DataChksum
  D:002FH         SYMBOL        SendState
  D:0030H         SYMBOL        j
  D:0032H         SYMBOL        UartStartAddr
  D:0034H         SYMBOL        UartDataLen
  D:0036H         SYMBOL        UartChksum
  -------         ENDDO         
  C:F509H         LINE#         116
  C:F509H         LINE#         117
  C:F509H         LINE#         121
  C:F530H         LINE#         122
  C:F530H         LINE#         124
  C:F539H         LINE#         125
  C:F539H         LINE#         126
  C:F53FH         LINE#         133
  C:F53FH         LINE#         134
  C:F545H         LINE#         135
  C:F54CH         LINE#         136
  C:F54CH         LINE#         138
  C:F54FH         LINE#         139
  C:F552H         LINE#         140
  C:F555H         LINE#         141
  C:F558H         LINE#         142
  C:F55BH         LINE#         143
  C:F55CH         LINE#         144
  C:F55DH         LINE#         145
  C:F55EH         LINE#         146
  C:F55FH         LINE#         149
  C:F562H         LINE#         150
  C:F572H         LINE#         151
  C:F572H         LINE#         152
  C:F575H         LINE#         153
  C:F58DH         LINE#         154
  C:F58DH         LINE#         155
  C:F590H         LINE#         156
  C:F592H         LINE#         157
  C:F592H         LINE#         158
  C:F59CH         LINE#         159
  C:F5A1H         LINE#         160
  C:F5A6H         LINE#         162
  C:F5A8H         LINE#         163
  C:F5ABH         LINE#         164
  C:F5AEH         LINE#         166
  C:F5B6H         LINE#         167
  C:F5B6H         LINE#         168
  C:F5B8H         LINE#         169
  C:F5BAH         LINE#         170
  C:F5BAH         LINE#         171
  C:F5BDH         LINE#         172
  C:F5CDH         LINE#         173
  C:F5D4H         LINE#         175
BL51 BANKED LINKER/LOCATER V6.22                                                      12/10/2019  11:35:57  PAGE 101


  C:F5E4H         LINE#         176
  C:F5E4H         LINE#         177
  C:F5E7H         LINE#         178
  C:F5E9H         LINE#         180
  C:F5E9H         LINE#         181
  C:F5EFH         LINE#         182
  C:F5F3H         LINE#         183
  C:F5F7H         LINE#         184
  C:F5FAH         LINE#         185
  C:F5FAH         LINE#         186
  C:F5FDH         LINE#         187
  C:F60BH         LINE#         188
  C:F60EH         LINE#         189
  C:F611H         LINE#         190
  C:F614H         LINE#         191
  C:F617H         LINE#         192
  C:F61AH         LINE#         193
  C:F61BH         LINE#         194
  C:F61CH         LINE#         195
  C:F61DH         LINE#         196
  C:F61EH         LINE#         197
  C:F620H         LINE#         198
  C:F627H         LINE#         199
  C:F62AH         LINE#         200
  C:F62AH         LINE#         201
  C:F62FH         LINE#         202
  C:F634H         LINE#         203
  C:F636H         LINE#         204
  C:F639H         LINE#         205
  C:F63CH         LINE#         208
  C:F648H         LINE#         209
  C:F648H         LINE#         210
  C:F64CH         LINE#         211
  C:F652H         LINE#         212
  C:F657H         LINE#         213
  C:F662H         LINE#         214
  C:F66EH         LINE#         215
  C:F67EH         LINE#         216
  C:F67EH         LINE#         217
  C:F681H         LINE#         218
  C:F699H         LINE#         219
  C:F6A3H         LINE#         221
  C:F6A8H         LINE#         222
  C:F6ADH         LINE#         223
  C:F6C0H         LINE#         224
  C:F6C0H         LINE#         225
  C:F6C2H         LINE#         226
  C:F6C5H         LINE#         227
  C:F6C8H         LINE#         229
  C:F6C8H         LINE#         230
  C:F6CAH         LINE#         231
  C:F6CDH         LINE#         232
  C:F6CDH         LINE#         233
  C:F6D0H         LINE#         235
  C:F6D5H         LINE#         236
  C:F6D5H         LINE#         237
  C:F6DBH         LINE#         238
BL51 BANKED LINKER/LOCATER V6.22                                                      12/10/2019  11:35:57  PAGE 102


  C:F6E7H         LINE#         239
  C:F6EAH         LINE#         240
  C:F6ECH         LINE#         241
  C:F6ECH         LINE#         242
  C:F6EFH         LINE#         243
  C:F70CH         LINE#         244
  C:F71CH         LINE#         245
  C:F723H         LINE#         246
  C:F731H         LINE#         248
  C:F736H         LINE#         249
  C:F73CH         LINE#         250
  C:F73EH         LINE#         251
  C:F74EH         LINE#         252
  C:F750H         LINE#         254
  C:F759H         LINE#         255
  C:F759H         LINE#         256
  C:F75EH         LINE#         257
  C:F762H         LINE#         258
  C:F766H         LINE#         259
  C:F76AH         LINE#         260
  C:F77EH         LINE#         261
  C:F782H         LINE#         262
  C:F787H         LINE#         263
  C:F78DH         LINE#         264
  C:F78FH         LINE#         265
  C:F79FH         LINE#         266
  C:F7A1H         LINE#         268
  C:F7A5H         LINE#         269
  C:F7A5H         LINE#         270
  C:F7ACH         LINE#         271
  C:F7ACH         LINE#         272
  C:F7AFH         LINE#         273
  C:F7B1H         LINE#         274
  C:F7B7H         LINE#         275
  C:F7BAH         LINE#         276
  C:F7BAH         LINE#         277
  C:F7BAH         LINE#         278
  C:F7BAH         LINE#         280
  C:F7BDH         LINE#         281
  C:F7BFH         LINE#         282
  -------         ENDPROC       ISPPROCESSCMD
  -------         ENDMOD        ISP

  -------         MODULE        ?C?CLDPTR
  C:0696H         PUBLIC        ?C?CLDPTR
  -------         ENDMOD        ?C?CLDPTR

  -------         MODULE        ?C?IMUL
  C:06AFH         PUBLIC        ?C?IMUL
  -------         ENDMOD        ?C?IMUL

  -------         MODULE        ?C?UIDIV
  C:06C1H         PUBLIC        ?C?UIDIV
  -------         ENDMOD        ?C?UIDIV

  -------         MODULE        ?C?SIDIV
  C:0716H         PUBLIC        ?C?SIDIV
BL51 BANKED LINKER/LOCATER V6.22                                                      12/10/2019  11:35:57  PAGE 103


  -------         ENDMOD        ?C?SIDIV

  -------         MODULE        ?C?IILDX
  C:074CH         PUBLIC        ?C?IILDX
  -------         ENDMOD        ?C?IILDX

  -------         MODULE        ?C?LMUL
  C:0762H         PUBLIC        ?C?LMUL
  -------         ENDMOD        ?C?LMUL

  -------         MODULE        ?C?ULDIV
  C:07EDH         PUBLIC        ?C?ULDIV
  -------         ENDMOD        ?C?ULDIV

  -------         MODULE        ?C?SLDIV
  C:41BAH         PUBLIC        ?C?SLDIV
  -------         ENDMOD        ?C?SLDIV

  -------         MODULE        ?C?LNEG
  C:087FH         PUBLIC        ?C?LNEG
  -------         ENDMOD        ?C?LNEG

  -------         MODULE        ?C?SLCMP
  C:088DH         PUBLIC        ?C?SLCMP
  -------         ENDMOD        ?C?SLCMP

  -------         MODULE        ?C?ULCMP
  C:08A3H         PUBLIC        ?C?ULCMP
  -------         ENDMOD        ?C?ULCMP

  -------         MODULE        ?C?ULSHR
  C:08B4H         PUBLIC        ?C?ULSHR
  -------         ENDMOD        ?C?ULSHR

  -------         MODULE        ?C?SLSHR
  C:08C7H         PUBLIC        ?C?SLSHR
  -------         ENDMOD        ?C?SLSHR

  -------         MODULE        ?C?LSHL
  C:08DBH         PUBLIC        ?C?LSHL
  -------         ENDMOD        ?C?LSHL

  -------         MODULE        ?C?LSTXDATA
  C:08EEH         PUBLIC        ?C?LSTXDATA
  -------         ENDMOD        ?C?LSTXDATA

  -------         MODULE        ?C?LSTKXDATA
  C:08FAH         PUBLIC        ?C?LSTKXDATA
  -------         ENDMOD        ?C?LSTKXDATA

  -------         MODULE        ?C?CCASE
  C:092BH         PUBLIC        ?C?CCASE
  -------         ENDMOD        ?C?CCASE

  -------         MODULE        ?C?LIMUL
  C:0951H         PUBLIC        ?C?LIMUL
  -------         ENDMOD        ?C?LIMUL
BL51 BANKED LINKER/LOCATER V6.22                                                      12/10/2019  11:35:57  PAGE 104



Program Size: data=148.4 xdata=1063 code=19260
LINK/LOCATE RUN COMPLETE.  0 WARNING(S),  0 ERROR(S)
